[0.042s] Invoking command in '/root/humble_ws/build/rf2o_laser_odometry': CMAKE_PREFIX_PATH=${CMAKE_PREFIX_PATH}:/root/humble_ws/install/lab1:/opt/ros/humble /usr/bin/cmake /root/humble_ws/src/rf2o_laser_odometry -DAMENT_CMAKE_SYMLINK_INSTALL=1 -DCMAKE_INSTALL_PREFIX=/root/humble_ws/install/rf2o_laser_odometry
[0.808s] -- The C compiler identification is GNU 11.4.0
[1.264s] -- The CXX compiler identification is GNU 11.4.0
[1.296s] -- Detecting C compiler ABI info
[1.514s] -- Detecting C compiler ABI info - done
[1.545s] -- Check for working C compiler: /usr/bin/cc - skipped
[1.548s] -- Detecting C compile features
[1.551s] -- Detecting C compile features - done
[1.563s] -- Detecting CXX compiler ABI info
[1.828s] -- Detecting CXX compiler ABI info - done
[1.861s] -- Check for working CXX compiler: /usr/bin/c++ - skipped
[1.862s] -- Detecting CXX compile features
[1.864s] -- Detecting CXX compile features - done
[1.895s] -- Found ament_cmake: 1.3.14 (/opt/ros/humble/share/ament_cmake/cmake)
[2.496s] -- Found Python3: /usr/bin/python3 (found version "3.10.12") found components: Interpreter 
[2.780s] -- Override CMake install command with custom implementation using symlinks instead of copying resources
[3.010s] -- Found rclcpp: 16.0.19 (/opt/ros/humble/share/rclcpp/cmake)
[3.311s] -- Found rosidl_generator_c: 3.1.9 (/opt/ros/humble/share/rosidl_generator_c/cmake)
[3.349s] -- Found rosidl_adapter: 3.1.9 (/opt/ros/humble/share/rosidl_adapter/cmake)
[3.408s] -- Found rosidl_generator_cpp: 3.1.9 (/opt/ros/humble/share/rosidl_generator_cpp/cmake)
[3.488s] -- Using all available rosidl_typesupport_c: rosidl_typesupport_fastrtps_c;rosidl_typesupport_introspection_c
[3.592s] -- Using all available rosidl_typesupport_cpp: rosidl_typesupport_fastrtps_cpp;rosidl_typesupport_introspection_cpp
[3.886s] -- Found rmw_implementation_cmake: 6.1.3 (/opt/ros/humble/share/rmw_implementation_cmake/cmake)
[3.907s] -- Found rmw_fastrtps_cpp: 6.2.10 (/opt/ros/humble/share/rmw_fastrtps_cpp/cmake)
[4.338s] -- Found OpenSSL: /usr/lib/aarch64-linux-gnu/libcrypto.so (found version "3.0.2")  
[4.485s] -- Found FastRTPS: /opt/ros/humble/include  
[4.715s] -- Using RMW implementation 'rmw_fastrtps_cpp' as default
[4.779s] -- Looking for pthread.h
[5.030s] -- Looking for pthread.h - found
[5.031s] -- Performing Test CMAKE_HAVE_LIBC_PTHREAD
[5.256s] -- Performing Test CMAKE_HAVE_LIBC_PTHREAD - Success
[5.260s] -- Found Threads: TRUE  
[5.578s] -- Found geometry_msgs: 4.9.2 (/opt/ros/humble/share/geometry_msgs/cmake)
[5.658s] -- Found tf2_geometry_msgs: 0.25.22 (/opt/ros/humble/share/tf2_geometry_msgs/cmake)
[5.772s] -- Found eigen3_cmake_module: 0.1.1 (/opt/ros/humble/share/eigen3_cmake_module/cmake)
[5.778s] -- Found Eigen3: TRUE (found version "3.4.0") 
[5.779s] -- Ensuring Eigen3 include directory is part of orocos-kdl CMake target
[6.414s] -- Found sensor_msgs: 4.9.2 (/opt/ros/humble/share/sensor_msgs/cmake)
[6.512s] -- Found nav_msgs: 4.9.2 (/opt/ros/humble/share/nav_msgs/cmake)
[6.639s] -- Found Boost: /usr/lib/aarch64-linux-gnu/cmake/Boost-1.74.0/BoostConfig.cmake (found version "1.74.0")  
[6.957s] -- Configuring done
[7.028s] -- Generating done
[7.050s] -- Build files have been written to: /root/humble_ws/build/rf2o_laser_odometry
[7.094s] Invoked command in '/root/humble_ws/build/rf2o_laser_odometry' returned '0': CMAKE_PREFIX_PATH=${CMAKE_PREFIX_PATH}:/root/humble_ws/install/lab1:/opt/ros/humble /usr/bin/cmake /root/humble_ws/src/rf2o_laser_odometry -DAMENT_CMAKE_SYMLINK_INSTALL=1 -DCMAKE_INSTALL_PREFIX=/root/humble_ws/install/rf2o_laser_odometry
[7.097s] Invoking command in '/root/humble_ws/build/rf2o_laser_odometry': CMAKE_PREFIX_PATH=${CMAKE_PREFIX_PATH}:/root/humble_ws/install/lab1:/opt/ros/humble /usr/bin/cmake --build /root/humble_ws/build/rf2o_laser_odometry -- -j4 -l4
[7.242s] [ 40%] [32mBuilding CXX object CMakeFiles/rf2o_laser_odometry.dir/src/CLaserOdometry2D.cpp.o[0m
[7.243s] [ 40%] [32mBuilding CXX object CMakeFiles/rf2o_laser_odometry_node.dir/src/CLaserOdometry2DNode.cpp.o[0m
[7.248s] [ 60%] [32mBuilding CXX object CMakeFiles/rf2o_laser_odometry_node.dir/src/CLaserOdometry2D.cpp.o[0m
[102.726s] [100%] [32m[1mLinking CXX static library librf2o_laser_odometry.a[0m
[102.727s] [100%] [32m[1mLinking CXX executable rf2o_laser_odometry_node[0m
[104.048s] [100%] Built target rf2o_laser_odometry
[109.561s] [100%] Built target rf2o_laser_odometry_node
[109.598s] Invoked command in '/root/humble_ws/build/rf2o_laser_odometry' returned '0': CMAKE_PREFIX_PATH=${CMAKE_PREFIX_PATH}:/root/humble_ws/install/lab1:/opt/ros/humble /usr/bin/cmake --build /root/humble_ws/build/rf2o_laser_odometry -- -j4 -l4
[109.632s] Invoking command in '/root/humble_ws/build/rf2o_laser_odometry': CMAKE_PREFIX_PATH=${CMAKE_PREFIX_PATH}:/root/humble_ws/install/lab1:/opt/ros/humble /usr/bin/cmake --install /root/humble_ws/build/rf2o_laser_odometry
[109.653s] -- Install configuration: ""
[109.656s] -- Execute custom install script
[109.662s] -- Symlinking: /root/humble_ws/install/rf2o_laser_odometry/lib/rf2o_laser_odometry/rf2o_laser_odometry_node
[109.690s] -- Symlinking: /root/humble_ws/install/rf2o_laser_odometry/share/rf2o_laser_odometry/launch/rf2o_laser_odometry.launch.py
[109.719s] -- Symlinking: /root/humble_ws/install/rf2o_laser_odometry/share/ament_index/resource_index/package_run_dependencies/rf2o_laser_odometry
[109.744s] -- Symlinking: /root/humble_ws/install/rf2o_laser_odometry/share/ament_index/resource_index/parent_prefix_path/rf2o_laser_odometry
[109.775s] -- Symlinking: /root/humble_ws/install/rf2o_laser_odometry/share/rf2o_laser_odometry/environment/ament_prefix_path.sh
[109.802s] -- Symlinking: /root/humble_ws/install/rf2o_laser_odometry/share/rf2o_laser_odometry/environment/ament_prefix_path.dsv
[109.826s] -- Symlinking: /root/humble_ws/install/rf2o_laser_odometry/share/rf2o_laser_odometry/environment/path.sh
[109.850s] -- Symlinking: /root/humble_ws/install/rf2o_laser_odometry/share/rf2o_laser_odometry/environment/path.dsv
[109.874s] -- Symlinking: /root/humble_ws/install/rf2o_laser_odometry/share/rf2o_laser_odometry/local_setup.bash
[109.897s] -- Symlinking: /root/humble_ws/install/rf2o_laser_odometry/share/rf2o_laser_odometry/local_setup.sh
[109.922s] -- Symlinking: /root/humble_ws/install/rf2o_laser_odometry/share/rf2o_laser_odometry/local_setup.zsh
[109.946s] -- Symlinking: /root/humble_ws/install/rf2o_laser_odometry/share/rf2o_laser_odometry/local_setup.dsv
[109.970s] -- Symlinking: /root/humble_ws/install/rf2o_laser_odometry/share/rf2o_laser_odometry/package.dsv
[109.996s] -- Symlinking: /root/humble_ws/install/rf2o_laser_odometry/share/ament_index/resource_index/packages/rf2o_laser_odometry
[110.021s] -- Symlinking: /root/humble_ws/install/rf2o_laser_odometry/share/rf2o_laser_odometry/cmake/rf2o_laser_odometryConfig.cmake
[110.045s] -- Symlinking: /root/humble_ws/install/rf2o_laser_odometry/share/rf2o_laser_odometry/cmake/rf2o_laser_odometryConfig-version.cmake
[110.075s] -- Symlinking: /root/humble_ws/install/rf2o_laser_odometry/share/rf2o_laser_odometry/package.xml
[110.104s] Invoked command in '/root/humble_ws/build/rf2o_laser_odometry' returned '0': CMAKE_PREFIX_PATH=${CMAKE_PREFIX_PATH}:/root/humble_ws/install/lab1:/opt/ros/humble /usr/bin/cmake --install /root/humble_ws/build/rf2o_laser_odometry
