[3.822s] Invoking command in '/root/humble_ws/build/lab1': PYTHONPATH=/root/humble_ws/build/lab1/prefix_override:/usr/lib/python3/dist-packages/colcon_core/task/python/colcon_distutils_commands:/root/humble_ws/install/lab1/lib/python3.10/site-packages:${PYTHONPATH} /usr/bin/python3 -W ignore:setup.py install is deprecated -W ignore:easy_install command is deprecated setup.py develop --editable --build-directory /root/humble_ws/build/lab1/build --no-deps symlink_data
[4.913s] running develop
[5.596s] running egg_info
[5.596s] creating lab1.egg-info
[5.597s] writing lab1.egg-info/PKG-INFO
[5.598s] writing dependency_links to lab1.egg-info/dependency_links.txt
[5.598s] writing entry points to lab1.egg-info/entry_points.txt
[5.599s] writing requirements to lab1.egg-info/requires.txt
[5.599s] writing top-level names to lab1.egg-info/top_level.txt
[5.599s] writing manifest file 'lab1.egg-info/SOURCES.txt'
[5.606s] reading manifest file 'lab1.egg-info/SOURCES.txt'
[5.608s] writing manifest file 'lab1.egg-info/SOURCES.txt'
[5.614s] running build_ext
[5.615s] Creating /root/humble_ws/install/lab1/lib/python3.10/site-packages/lab1.egg-link (link to .)
[5.618s] Installing bridge script to /root/humble_ws/install/lab1/lib/lab1
[5.619s] 
[5.619s] Installed /root/humble_ws/build/lab1
[5.620s] running symlink_data
[5.620s] creating /root/humble_ws/install/lab1/share/ament_index
[5.621s] creating /root/humble_ws/install/lab1/share/ament_index/resource_index
[5.621s] creating /root/humble_ws/install/lab1/share/ament_index/resource_index/packages
[5.621s] symbolically linking /root/humble_ws/build/lab1/resource/lab1 -> /root/humble_ws/install/lab1/share/ament_index/resource_index/packages
[5.622s] symbolically linking /root/humble_ws/build/lab1/package.xml -> /root/humble_ws/install/lab1/share/lab1
[5.752s] Invoked command in '/root/humble_ws/build/lab1' returned '0': PYTHONPATH=/root/humble_ws/build/lab1/prefix_override:/usr/lib/python3/dist-packages/colcon_core/task/python/colcon_distutils_commands:/root/humble_ws/install/lab1/lib/python3.10/site-packages:${PYTHONPATH} /usr/bin/python3 -W ignore:setup.py install is deprecated -W ignore:easy_install command is deprecated setup.py develop --editable --build-directory /root/humble_ws/build/lab1/build --no-deps symlink_data
