[0.594s] DEBUG:colcon:Command line arguments: ['/usr/bin/colcon', 'build', '--packages-select', 'lab1', '--symlink-install']
[0.594s] DEBUG:colcon:Parsed command line arguments: Namespace(log_base=None, log_level=None, verb_name='build', build_base='build', install_base='install', merge_install=False, symlink_install=True, test_result_base=None, continue_on_error=False, executor='parallel', parallel_workers=4, event_handlers=None, ignore_user_meta=False, metas=['./colcon.meta'], base_paths=['.'], packages_ignore=None, packages_ignore_regex=None, paths=None, packages_up_to=None, packages_up_to_regex=None, packages_above=None, packages_above_and_dependencies=None, packages_above_depth=None, packages_select_by_dep=None, packages_skip_by_dep=None, packages_skip_up_to=None, packages_select_build_failed=False, packages_skip_build_finished=False, packages_select_test_failures=False, packages_skip_test_passed=False, packages_select=['lab1'], packages_skip=None, packages_select_regex=None, packages_skip_regex=None, packages_start=None, packages_end=None, allow_overriding=[], cmake_args=None, cmake_target=None, cmake_target_skip_unavailable=False, cmake_clean_cache=False, cmake_clean_first=False, cmake_force_configure=False, ament_cmake_args=None, catkin_cmake_args=None, catkin_skip_building_tests=False, mixin_files=None, mixin=None, verb_parser=<colcon_mixin.mixin.mixin_argument.MixinArgumentDecorator object at 0x7f8fe051b0>, verb_extension=<colcon_core.verb.build.BuildVerb object at 0x7f8ff7e890>, main=<bound method BuildVerb.main of <colcon_core.verb.build.BuildVerb object at 0x7f8ff7e890>>, mixin_verb=('build',))
[1.550s] Level 1:colcon.colcon_core.package_discovery:discover_packages(colcon_meta) check parameters
[1.550s] Level 1:colcon.colcon_core.package_discovery:discover_packages(recursive) check parameters
[1.551s] Level 1:colcon.colcon_core.package_discovery:discover_packages(ignore) check parameters
[1.551s] Level 1:colcon.colcon_core.package_discovery:discover_packages(path) check parameters
[1.551s] Level 1:colcon.colcon_core.package_discovery:discover_packages(colcon_meta) discover
[1.551s] Level 1:colcon.colcon_core.package_discovery:discover_packages(recursive) discover
[1.551s] INFO:colcon.colcon_core.package_discovery:Crawling recursively for packages in '/root/humble_ws'
[1.552s] Level 1:colcon.colcon_core.package_identification:_identify(.) by extensions ['ignore', 'ignore_ament_install']
[1.552s] Level 1:colcon.colcon_core.package_identification:_identify(.) by extension 'ignore'
[1.552s] Level 1:colcon.colcon_core.package_identification:_identify(.) by extension 'ignore_ament_install'
[1.553s] Level 1:colcon.colcon_core.package_identification:_identify(.) by extensions ['colcon_pkg']
[1.553s] Level 1:colcon.colcon_core.package_identification:_identify(.) by extension 'colcon_pkg'
[1.553s] Level 1:colcon.colcon_core.package_identification:_identify(.) by extensions ['colcon_meta']
[1.553s] Level 1:colcon.colcon_core.package_identification:_identify(.) by extension 'colcon_meta'
[1.553s] Level 1:colcon.colcon_core.package_identification:_identify(.) by extensions ['ros']
[1.553s] Level 1:colcon.colcon_core.package_identification:_identify(.) by extension 'ros'
[1.615s] Level 1:colcon.colcon_core.package_identification:_identify(.) by extensions ['cmake', 'python']
[1.616s] Level 1:colcon.colcon_core.package_identification:_identify(.) by extension 'cmake'
[1.616s] Level 1:colcon.colcon_core.package_identification:_identify(.) by extension 'python'
[1.616s] Level 1:colcon.colcon_core.package_identification:_identify(.) by extensions ['python_setup_py']
[1.616s] Level 1:colcon.colcon_core.package_identification:_identify(.) by extension 'python_setup_py'
[1.617s] Level 1:colcon.colcon_core.package_identification:_identify(build) by extensions ['ignore', 'ignore_ament_install']
[1.617s] Level 1:colcon.colcon_core.package_identification:_identify(build) by extension 'ignore'
[1.617s] Level 1:colcon.colcon_core.package_identification:_identify(build) ignored
[1.620s] Level 1:colcon.colcon_core.package_identification:_identify(car_ws) by extensions ['ignore', 'ignore_ament_install']
[1.620s] Level 1:colcon.colcon_core.package_identification:_identify(car_ws) by extension 'ignore'
[1.620s] Level 1:colcon.colcon_core.package_identification:_identify(car_ws) by extension 'ignore_ament_install'
[1.620s] Level 1:colcon.colcon_core.package_identification:_identify(car_ws) by extensions ['colcon_pkg']
[1.621s] Level 1:colcon.colcon_core.package_identification:_identify(car_ws) by extension 'colcon_pkg'
[1.621s] Level 1:colcon.colcon_core.package_identification:_identify(car_ws) by extensions ['colcon_meta']
[1.621s] Level 1:colcon.colcon_core.package_identification:_identify(car_ws) by extension 'colcon_meta'
[1.621s] Level 1:colcon.colcon_core.package_identification:_identify(car_ws) by extensions ['ros']
[1.621s] Level 1:colcon.colcon_core.package_identification:_identify(car_ws) by extension 'ros'
[1.622s] Level 1:colcon.colcon_core.package_identification:_identify(car_ws) by extensions ['cmake', 'python']
[1.622s] Level 1:colcon.colcon_core.package_identification:_identify(car_ws) by extension 'cmake'
[1.622s] Level 1:colcon.colcon_core.package_identification:_identify(car_ws) by extension 'python'
[1.622s] Level 1:colcon.colcon_core.package_identification:_identify(car_ws) by extensions ['python_setup_py']
[1.622s] Level 1:colcon.colcon_core.package_identification:_identify(car_ws) by extension 'python_setup_py'
[1.623s] Level 1:colcon.colcon_core.package_identification:_identify(install) by extensions ['ignore', 'ignore_ament_install']
[1.623s] Level 1:colcon.colcon_core.package_identification:_identify(install) by extension 'ignore'
[1.623s] Level 1:colcon.colcon_core.package_identification:_identify(install) ignored
[1.624s] Level 1:colcon.colcon_core.package_identification:_identify(log) by extensions ['ignore', 'ignore_ament_install']
[1.624s] Level 1:colcon.colcon_core.package_identification:_identify(log) by extension 'ignore'
[1.624s] Level 1:colcon.colcon_core.package_identification:_identify(log) ignored
[1.624s] Level 1:colcon.colcon_core.package_identification:_identify(src) by extensions ['ignore', 'ignore_ament_install']
[1.625s] Level 1:colcon.colcon_core.package_identification:_identify(src) by extension 'ignore'
[1.625s] Level 1:colcon.colcon_core.package_identification:_identify(src) by extension 'ignore_ament_install'
[1.625s] Level 1:colcon.colcon_core.package_identification:_identify(src) by extensions ['colcon_pkg']
[1.625s] Level 1:colcon.colcon_core.package_identification:_identify(src) by extension 'colcon_pkg'
[1.626s] Level 1:colcon.colcon_core.package_identification:_identify(src) by extensions ['colcon_meta']
[1.626s] Level 1:colcon.colcon_core.package_identification:_identify(src) by extension 'colcon_meta'
[1.626s] Level 1:colcon.colcon_core.package_identification:_identify(src) by extensions ['ros']
[1.626s] Level 1:colcon.colcon_core.package_identification:_identify(src) by extension 'ros'
[1.626s] Level 1:colcon.colcon_core.package_identification:_identify(src) by extensions ['cmake', 'python']
[1.626s] Level 1:colcon.colcon_core.package_identification:_identify(src) by extension 'cmake'
[1.627s] Level 1:colcon.colcon_core.package_identification:_identify(src) by extension 'python'
[1.627s] Level 1:colcon.colcon_core.package_identification:_identify(src) by extensions ['python_setup_py']
[1.627s] Level 1:colcon.colcon_core.package_identification:_identify(src) by extension 'python_setup_py'
[1.628s] Level 1:colcon.colcon_core.package_identification:_identify(src/Simple-2D-LiDAR-Odometry) by extensions ['ignore', 'ignore_ament_install']
[1.628s] Level 1:colcon.colcon_core.package_identification:_identify(src/Simple-2D-LiDAR-Odometry) by extension 'ignore'
[1.629s] Level 1:colcon.colcon_core.package_identification:_identify(src/Simple-2D-LiDAR-Odometry) by extension 'ignore_ament_install'
[1.629s] Level 1:colcon.colcon_core.package_identification:_identify(src/Simple-2D-LiDAR-Odometry) by extensions ['colcon_pkg']
[1.629s] Level 1:colcon.colcon_core.package_identification:_identify(src/Simple-2D-LiDAR-Odometry) by extension 'colcon_pkg'
[1.629s] Level 1:colcon.colcon_core.package_identification:_identify(src/Simple-2D-LiDAR-Odometry) by extensions ['colcon_meta']
[1.630s] Level 1:colcon.colcon_core.package_identification:_identify(src/Simple-2D-LiDAR-Odometry) by extension 'colcon_meta'
[1.630s] Level 1:colcon.colcon_core.package_identification:_identify(src/Simple-2D-LiDAR-Odometry) by extensions ['ros']
[1.630s] Level 1:colcon.colcon_core.package_identification:_identify(src/Simple-2D-LiDAR-Odometry) by extension 'ros'
[1.646s] DEBUG:colcon.colcon_core.package_identification:Package 'src/Simple-2D-LiDAR-Odometry' with type 'ros.ament_cmake' and name 'lidar_odometry'
[1.646s] Level 1:colcon.colcon_core.package_identification:_identify(src/lab1) by extensions ['ignore', 'ignore_ament_install']
[1.647s] Level 1:colcon.colcon_core.package_identification:_identify(src/lab1) by extension 'ignore'
[1.647s] Level 1:colcon.colcon_core.package_identification:_identify(src/lab1) by extension 'ignore_ament_install'
[1.647s] Level 1:colcon.colcon_core.package_identification:_identify(src/lab1) by extensions ['colcon_pkg']
[1.647s] Level 1:colcon.colcon_core.package_identification:_identify(src/lab1) by extension 'colcon_pkg'
[1.648s] Level 1:colcon.colcon_core.package_identification:_identify(src/lab1) by extensions ['colcon_meta']
[1.648s] Level 1:colcon.colcon_core.package_identification:_identify(src/lab1) by extension 'colcon_meta'
[1.648s] Level 1:colcon.colcon_core.package_identification:_identify(src/lab1) by extensions ['ros']
[1.648s] Level 1:colcon.colcon_core.package_identification:_identify(src/lab1) by extension 'ros'
[1.651s] DEBUG:colcon.colcon_core.package_identification:Package 'src/lab1' with type 'ros.ament_python' and name 'lab1'
[1.652s] Level 1:colcon.colcon_core.package_identification:_identify(src/rf2o_laser_odometry) by extensions ['ignore', 'ignore_ament_install']
[1.652s] Level 1:colcon.colcon_core.package_identification:_identify(src/rf2o_laser_odometry) by extension 'ignore'
[1.653s] Level 1:colcon.colcon_core.package_identification:_identify(src/rf2o_laser_odometry) by extension 'ignore_ament_install'
[1.653s] Level 1:colcon.colcon_core.package_identification:_identify(src/rf2o_laser_odometry) by extensions ['colcon_pkg']
[1.653s] Level 1:colcon.colcon_core.package_identification:_identify(src/rf2o_laser_odometry) by extension 'colcon_pkg'
[1.653s] Level 1:colcon.colcon_core.package_identification:_identify(src/rf2o_laser_odometry) by extensions ['colcon_meta']
[1.653s] Level 1:colcon.colcon_core.package_identification:_identify(src/rf2o_laser_odometry) by extension 'colcon_meta'
[1.654s] Level 1:colcon.colcon_core.package_identification:_identify(src/rf2o_laser_odometry) by extensions ['ros']
[1.654s] Level 1:colcon.colcon_core.package_identification:_identify(src/rf2o_laser_odometry) by extension 'ros'
[1.659s] DEBUG:colcon.colcon_core.package_identification:Package 'src/rf2o_laser_odometry' with type 'ros.ament_cmake' and name 'rf2o_laser_odometry'
[1.659s] Level 1:colcon.colcon_core.package_identification:_identify(src/rplidar_ros) by extensions ['ignore', 'ignore_ament_install']
[1.660s] Level 1:colcon.colcon_core.package_identification:_identify(src/rplidar_ros) by extension 'ignore'
[1.660s] Level 1:colcon.colcon_core.package_identification:_identify(src/rplidar_ros) by extension 'ignore_ament_install'
[1.660s] Level 1:colcon.colcon_core.package_identification:_identify(src/rplidar_ros) by extensions ['colcon_pkg']
[1.660s] Level 1:colcon.colcon_core.package_identification:_identify(src/rplidar_ros) by extension 'colcon_pkg'
[1.660s] Level 1:colcon.colcon_core.package_identification:_identify(src/rplidar_ros) by extensions ['colcon_meta']
[1.661s] Level 1:colcon.colcon_core.package_identification:_identify(src/rplidar_ros) by extension 'colcon_meta'
[1.661s] Level 1:colcon.colcon_core.package_identification:_identify(src/rplidar_ros) by extensions ['ros']
[1.661s] Level 1:colcon.colcon_core.package_identification:_identify(src/rplidar_ros) by extension 'ros'
[1.664s] DEBUG:colcon.colcon_core.package_identification:Package 'src/rplidar_ros' with type 'ros.ament_cmake' and name 'rplidar_ros'
[1.664s] Level 1:colcon.colcon_core.package_discovery:discover_packages(recursive) using defaults
[1.665s] Level 1:colcon.colcon_core.package_discovery:discover_packages(ignore) discover
[1.665s] Level 1:colcon.colcon_core.package_discovery:discover_packages(ignore) using defaults
[1.665s] Level 1:colcon.colcon_core.package_discovery:discover_packages(path) discover
[1.665s] Level 1:colcon.colcon_core.package_discovery:discover_packages(path) using defaults
[1.830s] INFO:colcon.colcon_core.package_selection:Skipping not selected package 'lidar_odometry' in 'src/Simple-2D-LiDAR-Odometry'
[1.830s] INFO:colcon.colcon_core.package_selection:Skipping not selected package 'rf2o_laser_odometry' in 'src/rf2o_laser_odometry'
[1.830s] INFO:colcon.colcon_core.package_selection:Skipping not selected package 'rplidar_ros' in 'src/rplidar_ros'
[1.832s] Level 1:colcon.colcon_core.package_discovery:discover_packages(prefix_path) check parameters
[1.832s] Level 1:colcon.colcon_core.package_discovery:discover_packages(prefix_path) discover
[1.844s] DEBUG:colcon.colcon_installed_package_information.package_discovery:Found 4 installed packages in /root/humble_ws/install
[1.852s] DEBUG:colcon.colcon_installed_package_information.package_discovery:Found 319 installed packages in /opt/ros/humble
[1.861s] Level 1:colcon.colcon_core.package_discovery:discover_packages(prefix_path) using defaults
[2.090s] Level 5:colcon.colcon_core.verb:set package 'lab1' build argument 'cmake_args' from command line to 'None'
[2.090s] Level 5:colcon.colcon_core.verb:set package 'lab1' build argument 'cmake_target' from command line to 'None'
[2.090s] Level 5:colcon.colcon_core.verb:set package 'lab1' build argument 'cmake_target_skip_unavailable' from command line to 'False'
[2.090s] Level 5:colcon.colcon_core.verb:set package 'lab1' build argument 'cmake_clean_cache' from command line to 'False'
[2.090s] Level 5:colcon.colcon_core.verb:set package 'lab1' build argument 'cmake_clean_first' from command line to 'False'
[2.091s] Level 5:colcon.colcon_core.verb:set package 'lab1' build argument 'cmake_force_configure' from command line to 'False'
[2.091s] Level 5:colcon.colcon_core.verb:set package 'lab1' build argument 'ament_cmake_args' from command line to 'None'
[2.091s] Level 5:colcon.colcon_core.verb:set package 'lab1' build argument 'catkin_cmake_args' from command line to 'None'
[2.091s] Level 5:colcon.colcon_core.verb:set package 'lab1' build argument 'catkin_skip_building_tests' from command line to 'False'
[2.091s] DEBUG:colcon.colcon_core.verb:Building package 'lab1' with the following arguments: {'ament_cmake_args': None, 'build_base': '/root/humble_ws/build/lab1', 'catkin_cmake_args': None, 'catkin_skip_building_tests': False, 'cmake_args': None, 'cmake_clean_cache': False, 'cmake_clean_first': False, 'cmake_force_configure': False, 'cmake_target': None, 'cmake_target_skip_unavailable': False, 'install_base': '/root/humble_ws/install/lab1', 'merge_install': False, 'path': '/root/humble_ws/src/lab1', 'symlink_install': True, 'test_result_base': None}
[2.092s] INFO:colcon.colcon_core.executor:Executing jobs using 'parallel' executor
[2.095s] DEBUG:colcon.colcon_parallel_executor.executor.parallel:run_until_complete
[2.096s] INFO:colcon.colcon_ros.task.ament_python.build:Building ROS package in '/root/humble_ws/src/lab1' with build type 'ament_python'
[2.096s] Level 1:colcon.colcon_core.shell:create_environment_hook('lab1', 'ament_prefix_path')
[2.114s] INFO:colcon.colcon_core.plugin_system:Skipping extension 'colcon_core.shell.bat': Not used on non-Windows systems
[2.115s] INFO:colcon.colcon_core.shell:Creating environment hook '/root/humble_ws/install/lab1/share/lab1/hook/ament_prefix_path.ps1'
[2.119s] INFO:colcon.colcon_core.shell:Creating environment descriptor '/root/humble_ws/install/lab1/share/lab1/hook/ament_prefix_path.dsv'
[2.121s] INFO:colcon.colcon_core.shell:Creating environment hook '/root/humble_ws/install/lab1/share/lab1/hook/ament_prefix_path.sh'
[2.127s] INFO:colcon.colcon_core.shell:Skip shell extension 'powershell' for command environment: Not usable outside of PowerShell
[2.128s] DEBUG:colcon.colcon_core.shell:Skip shell extension 'dsv' for command environment
[3.250s] INFO:colcon.colcon_core.task.python.build:Building Python package in '/root/humble_ws/src/lab1'
[3.251s] INFO:colcon.colcon_core.shell:Skip shell extension 'powershell' for command environment: Not usable outside of PowerShell
[3.251s] DEBUG:colcon.colcon_core.shell:Skip shell extension 'dsv' for command environment
[4.752s] DEBUG:colcon.colcon_core.task.python.build:Available setuptools commands: install_egg_info, build_py, setopt, upload_docs, install_scripts, register, install, install_lib, build_scripts, easy_install, test, build, clean, upload, bdist_dumb, symlink_data, saveopts, rotate, check, bdist_rpm, develop, install_headers, bdist_egg, build_ext, install_data, egg_info, dist_info, alias, bdist, bdist_wheel, build_clib, sdist
[5.956s] DEBUG:colcon.colcon_core.task.python.build:Available setuptools 'develop' options: --optimize, --editable, --find-links, --zip-ok, --multi-version, --record, --install-layout, --install-dir, --no-user-cfg, --index-url, --user, --quiet, --no-deps, --prefix, --version, --build-directory, --upgrade, --script-dir, --egg-path, --force-installation-into-system-dir, --always-copy, --local-snapshots-ok, --allow-hosts, --no-find-links, --verbose, --exclude-scripts, --dry-run, --help, --uninstall, --always-unzip, --site-dirs
[5.961s] DEBUG:colcon.colcon_core.event_handler.log_command:Invoking command in '/root/humble_ws/build/lab1': PYTHONPATH=/root/humble_ws/build/lab1/prefix_override:/usr/lib/python3/dist-packages/colcon_core/task/python/colcon_distutils_commands:/root/humble_ws/install/lab1/lib/python3.10/site-packages:${PYTHONPATH} /usr/bin/python3 -W ignore:setup.py install is deprecated -W ignore:easy_install command is deprecated setup.py develop --editable --build-directory /root/humble_ws/build/lab1/build --no-deps symlink_data
[7.932s] Level 1:colcon.colcon_core.shell:create_environment_hook('lab1', 'pythonpath_develop')
[7.933s] INFO:colcon.colcon_core.shell:Creating environment hook '/root/humble_ws/build/lab1/share/lab1/hook/pythonpath_develop.ps1'
[7.935s] DEBUG:colcon.colcon_core.event_handler.log_command:Invoked command in '/root/humble_ws/build/lab1' returned '0': PYTHONPATH=/root/humble_ws/build/lab1/prefix_override:/usr/lib/python3/dist-packages/colcon_core/task/python/colcon_distutils_commands:/root/humble_ws/install/lab1/lib/python3.10/site-packages:${PYTHONPATH} /usr/bin/python3 -W ignore:setup.py install is deprecated -W ignore:easy_install command is deprecated setup.py develop --editable --build-directory /root/humble_ws/build/lab1/build --no-deps symlink_data
[7.938s] INFO:colcon.colcon_core.shell:Creating environment descriptor '/root/humble_ws/build/lab1/share/lab1/hook/pythonpath_develop.dsv'
[7.939s] INFO:colcon.colcon_core.shell:Creating environment hook '/root/humble_ws/build/lab1/share/lab1/hook/pythonpath_develop.sh'
[7.959s] Level 1:colcon.colcon_core.environment:checking '/root/humble_ws/install/lab1' for CMake module files
[7.961s] Level 1:colcon.colcon_core.environment:checking '/root/humble_ws/install/lab1' for CMake config files
[7.963s] Level 1:colcon.colcon_core.environment:checking '/root/humble_ws/install/lab1/lib'
[7.964s] Level 1:colcon.colcon_core.environment:checking '/root/humble_ws/install/lab1/bin'
[7.964s] Level 1:colcon.colcon_core.environment:checking '/root/humble_ws/install/lab1/lib/pkgconfig/lab1.pc'
[7.965s] Level 1:colcon.colcon_core.environment:checking '/root/humble_ws/install/lab1/lib/python3.10/site-packages'
[7.966s] Level 1:colcon.colcon_core.shell:create_environment_hook('lab1', 'pythonpath')
[7.967s] INFO:colcon.colcon_core.shell:Creating environment hook '/root/humble_ws/install/lab1/share/lab1/hook/pythonpath.ps1'
[7.968s] INFO:colcon.colcon_core.shell:Creating environment descriptor '/root/humble_ws/install/lab1/share/lab1/hook/pythonpath.dsv'
[7.970s] INFO:colcon.colcon_core.shell:Creating environment hook '/root/humble_ws/install/lab1/share/lab1/hook/pythonpath.sh'
[7.973s] Level 1:colcon.colcon_core.environment:checking '/root/humble_ws/install/lab1/bin'
[7.973s] Level 1:colcon.colcon_core.environment:create_environment_scripts_only(lab1)
[7.974s] INFO:colcon.colcon_core.shell:Creating package script '/root/humble_ws/install/lab1/share/lab1/package.ps1'
[7.980s] INFO:colcon.colcon_core.shell:Creating package descriptor '/root/humble_ws/install/lab1/share/lab1/package.dsv'
[7.983s] INFO:colcon.colcon_core.shell:Creating package script '/root/humble_ws/install/lab1/share/lab1/package.sh'
[7.987s] INFO:colcon.colcon_core.shell:Creating package script '/root/humble_ws/install/lab1/share/lab1/package.bash'
[7.991s] INFO:colcon.colcon_core.shell:Creating package script '/root/humble_ws/install/lab1/share/lab1/package.zsh'
[7.995s] Level 1:colcon.colcon_core.environment:create_file_with_runtime_dependencies(/root/humble_ws/install/lab1/share/colcon-core/packages/lab1)
[7.996s] DEBUG:colcon.colcon_parallel_executor.executor.parallel:closing loop
[7.996s] DEBUG:colcon.colcon_parallel_executor.executor.parallel:loop closed
[7.997s] DEBUG:colcon.colcon_parallel_executor.executor.parallel:run_until_complete finished with '0'
[7.997s] DEBUG:colcon.colcon_core.event_reactor:joining thread
[8.059s] INFO:colcon.colcon_core.plugin_system:Skipping extension 'colcon_notification.desktop_notification.notify_send': Could not find 'notify-send'
[8.060s] INFO:colcon.colcon_core.plugin_system:Skipping extension 'colcon_notification.desktop_notification.terminal_notifier': Not used on non-Darwin systems
[8.060s] INFO:colcon.colcon_core.plugin_system:Skipping extension 'colcon_notification.desktop_notification.win32': Not used on non-Windows systems
[8.060s] INFO:colcon.colcon_notification.desktop_notification:Sending desktop notification using 'notify2'
[8.060s] DEBUG:colcon.colcon_notification.desktop_notification.notify2:Failed to initialize notify2: org.freedesktop.DBus.Error.NotSupported: Unable to autolaunch a dbus-daemon without a $DISPLAY for X11
[8.061s] DEBUG:colcon.colcon_core.event_reactor:joined thread
[8.062s] INFO:colcon.colcon_core.shell:Creating prefix script '/root/humble_ws/install/local_setup.ps1'
[8.066s] INFO:colcon.colcon_core.shell:Creating prefix util module '/root/humble_ws/install/_local_setup_util_ps1.py'
[8.077s] INFO:colcon.colcon_core.shell:Creating prefix chain script '/root/humble_ws/install/setup.ps1'
[8.082s] INFO:colcon.colcon_core.shell:Creating prefix script '/root/humble_ws/install/local_setup.sh'
[8.086s] INFO:colcon.colcon_core.shell:Creating prefix util module '/root/humble_ws/install/_local_setup_util_sh.py'
[8.088s] INFO:colcon.colcon_core.shell:Creating prefix chain script '/root/humble_ws/install/setup.sh'
[8.093s] INFO:colcon.colcon_core.shell:Creating prefix script '/root/humble_ws/install/local_setup.bash'
[8.096s] INFO:colcon.colcon_core.shell:Creating prefix chain script '/root/humble_ws/install/setup.bash'
[8.101s] INFO:colcon.colcon_core.shell:Creating prefix script '/root/humble_ws/install/local_setup.zsh'
[8.104s] INFO:colcon.colcon_core.shell:Creating prefix chain script '/root/humble_ws/install/setup.zsh'
