[0.457s] DEBUG:colcon:Command line arguments: ['/usr/bin/colcon', 'build', '--symlink-install', '--packages-select', 'lab1']
[0.457s] DEBUG:colcon:Parsed command line arguments: Namespace(log_base=None, log_level=None, verb_name='build', build_base='build', install_base='install', merge_install=False, symlink_install=True, test_result_base=None, continue_on_error=False, executor='parallel', parallel_workers=4, event_handlers=None, ignore_user_meta=False, metas=['./colcon.meta'], base_paths=['.'], packages_ignore=None, packages_ignore_regex=None, paths=None, packages_up_to=None, packages_up_to_regex=None, packages_above=None, packages_above_and_dependencies=None, packages_above_depth=None, packages_select_by_dep=None, packages_skip_by_dep=None, packages_skip_up_to=None, packages_select_build_failed=False, packages_skip_build_finished=False, packages_select_test_failures=False, packages_skip_test_passed=False, packages_select=['lab1'], packages_skip=None, packages_select_regex=None, packages_skip_regex=None, packages_start=None, packages_end=None, allow_overriding=[], cmake_args=None, cmake_target=None, cmake_target_skip_unavailable=False, cmake_clean_cache=False, cmake_clean_first=False, cmake_force_configure=False, ament_cmake_args=None, catkin_cmake_args=None, catkin_skip_building_tests=False, mixin_files=None, mixin=None, verb_parser=<colcon_mixin.mixin.mixin_argument.MixinArgumentDecorator object at 0x7f91308a00>, verb_extension=<colcon_core.verb.build.BuildVerb object at 0x7f914b20e0>, main=<bound method BuildVerb.main of <colcon_core.verb.build.BuildVerb object at 0x7f914b20e0>>, mixin_verb=('build',))
[1.205s] Level 1:colcon.colcon_core.package_discovery:discover_packages(colcon_meta) check parameters
[1.206s] Level 1:colcon.colcon_core.package_discovery:discover_packages(recursive) check parameters
[1.206s] Level 1:colcon.colcon_core.package_discovery:discover_packages(ignore) check parameters
[1.206s] Level 1:colcon.colcon_core.package_discovery:discover_packages(path) check parameters
[1.206s] Level 1:colcon.colcon_core.package_discovery:discover_packages(colcon_meta) discover
[1.207s] Level 1:colcon.colcon_core.package_discovery:discover_packages(recursive) discover
[1.207s] INFO:colcon.colcon_core.package_discovery:Crawling recursively for packages in '/root/humble_ws'
[1.207s] Level 1:colcon.colcon_core.package_identification:_identify(.) by extensions ['ignore', 'ignore_ament_install']
[1.208s] Level 1:colcon.colcon_core.package_identification:_identify(.) by extension 'ignore'
[1.208s] Level 1:colcon.colcon_core.package_identification:_identify(.) by extension 'ignore_ament_install'
[1.208s] Level 1:colcon.colcon_core.package_identification:_identify(.) by extensions ['colcon_pkg']
[1.208s] Level 1:colcon.colcon_core.package_identification:_identify(.) by extension 'colcon_pkg'
[1.209s] Level 1:colcon.colcon_core.package_identification:_identify(.) by extensions ['colcon_meta']
[1.209s] Level 1:colcon.colcon_core.package_identification:_identify(.) by extension 'colcon_meta'
[1.209s] Level 1:colcon.colcon_core.package_identification:_identify(.) by extensions ['ros']
[1.209s] Level 1:colcon.colcon_core.package_identification:_identify(.) by extension 'ros'
[1.257s] Level 1:colcon.colcon_core.package_identification:_identify(.) by extensions ['cmake', 'python']
[1.257s] Level 1:colcon.colcon_core.package_identification:_identify(.) by extension 'cmake'
[1.258s] Level 1:colcon.colcon_core.package_identification:_identify(.) by extension 'python'
[1.258s] Level 1:colcon.colcon_core.package_identification:_identify(.) by extensions ['python_setup_py']
[1.258s] Level 1:colcon.colcon_core.package_identification:_identify(.) by extension 'python_setup_py'
[1.259s] Level 1:colcon.colcon_core.package_identification:_identify(build) by extensions ['ignore', 'ignore_ament_install']
[1.259s] Level 1:colcon.colcon_core.package_identification:_identify(build) by extension 'ignore'
[1.259s] Level 1:colcon.colcon_core.package_identification:_identify(build) ignored
[1.260s] Level 1:colcon.colcon_core.package_identification:_identify(car_ws) by extensions ['ignore', 'ignore_ament_install']
[1.260s] Level 1:colcon.colcon_core.package_identification:_identify(car_ws) by extension 'ignore'
[1.260s] Level 1:colcon.colcon_core.package_identification:_identify(car_ws) by extension 'ignore_ament_install'
[1.260s] Level 1:colcon.colcon_core.package_identification:_identify(car_ws) by extensions ['colcon_pkg']
[1.261s] Level 1:colcon.colcon_core.package_identification:_identify(car_ws) by extension 'colcon_pkg'
[1.261s] Level 1:colcon.colcon_core.package_identification:_identify(car_ws) by extensions ['colcon_meta']
[1.261s] Level 1:colcon.colcon_core.package_identification:_identify(car_ws) by extension 'colcon_meta'
[1.261s] Level 1:colcon.colcon_core.package_identification:_identify(car_ws) by extensions ['ros']
[1.261s] Level 1:colcon.colcon_core.package_identification:_identify(car_ws) by extension 'ros'
[1.262s] Level 1:colcon.colcon_core.package_identification:_identify(car_ws) by extensions ['cmake', 'python']
[1.262s] Level 1:colcon.colcon_core.package_identification:_identify(car_ws) by extension 'cmake'
[1.262s] Level 1:colcon.colcon_core.package_identification:_identify(car_ws) by extension 'python'
[1.262s] Level 1:colcon.colcon_core.package_identification:_identify(car_ws) by extensions ['python_setup_py']
[1.262s] Level 1:colcon.colcon_core.package_identification:_identify(car_ws) by extension 'python_setup_py'
[1.263s] Level 1:colcon.colcon_core.package_identification:_identify(install) by extensions ['ignore', 'ignore_ament_install']
[1.263s] Level 1:colcon.colcon_core.package_identification:_identify(install) by extension 'ignore'
[1.263s] Level 1:colcon.colcon_core.package_identification:_identify(install) ignored
[1.264s] Level 1:colcon.colcon_core.package_identification:_identify(log) by extensions ['ignore', 'ignore_ament_install']
[1.264s] Level 1:colcon.colcon_core.package_identification:_identify(log) by extension 'ignore'
[1.264s] Level 1:colcon.colcon_core.package_identification:_identify(log) ignored
[1.265s] Level 1:colcon.colcon_core.package_identification:_identify(src) by extensions ['ignore', 'ignore_ament_install']
[1.265s] Level 1:colcon.colcon_core.package_identification:_identify(src) by extension 'ignore'
[1.265s] Level 1:colcon.colcon_core.package_identification:_identify(src) by extension 'ignore_ament_install'
[1.265s] Level 1:colcon.colcon_core.package_identification:_identify(src) by extensions ['colcon_pkg']
[1.266s] Level 1:colcon.colcon_core.package_identification:_identify(src) by extension 'colcon_pkg'
[1.266s] Level 1:colcon.colcon_core.package_identification:_identify(src) by extensions ['colcon_meta']
[1.266s] Level 1:colcon.colcon_core.package_identification:_identify(src) by extension 'colcon_meta'
[1.266s] Level 1:colcon.colcon_core.package_identification:_identify(src) by extensions ['ros']
[1.266s] Level 1:colcon.colcon_core.package_identification:_identify(src) by extension 'ros'
[1.267s] Level 1:colcon.colcon_core.package_identification:_identify(src) by extensions ['cmake', 'python']
[1.267s] Level 1:colcon.colcon_core.package_identification:_identify(src) by extension 'cmake'
[1.267s] Level 1:colcon.colcon_core.package_identification:_identify(src) by extension 'python'
[1.267s] Level 1:colcon.colcon_core.package_identification:_identify(src) by extensions ['python_setup_py']
[1.267s] Level 1:colcon.colcon_core.package_identification:_identify(src) by extension 'python_setup_py'
[1.268s] Level 1:colcon.colcon_core.package_identification:_identify(src/Simple-2D-LiDAR-Odometry) by extensions ['ignore', 'ignore_ament_install']
[1.268s] Level 1:colcon.colcon_core.package_identification:_identify(src/Simple-2D-LiDAR-Odometry) by extension 'ignore'
[1.268s] Level 1:colcon.colcon_core.package_identification:_identify(src/Simple-2D-LiDAR-Odometry) by extension 'ignore_ament_install'
[1.268s] Level 1:colcon.colcon_core.package_identification:_identify(src/Simple-2D-LiDAR-Odometry) by extensions ['colcon_pkg']
[1.269s] Level 1:colcon.colcon_core.package_identification:_identify(src/Simple-2D-LiDAR-Odometry) by extension 'colcon_pkg'
[1.269s] Level 1:colcon.colcon_core.package_identification:_identify(src/Simple-2D-LiDAR-Odometry) by extensions ['colcon_meta']
[1.269s] Level 1:colcon.colcon_core.package_identification:_identify(src/Simple-2D-LiDAR-Odometry) by extension 'colcon_meta'
[1.269s] Level 1:colcon.colcon_core.package_identification:_identify(src/Simple-2D-LiDAR-Odometry) by extensions ['ros']
[1.269s] Level 1:colcon.colcon_core.package_identification:_identify(src/Simple-2D-LiDAR-Odometry) by extension 'ros'
[1.283s] DEBUG:colcon.colcon_core.package_identification:Package 'src/Simple-2D-LiDAR-Odometry' with type 'ros.ament_cmake' and name 'lidar_odometry'
[1.283s] Level 1:colcon.colcon_core.package_identification:_identify(src/lab1) by extensions ['ignore', 'ignore_ament_install']
[1.284s] Level 1:colcon.colcon_core.package_identification:_identify(src/lab1) by extension 'ignore'
[1.284s] Level 1:colcon.colcon_core.package_identification:_identify(src/lab1) by extension 'ignore_ament_install'
[1.284s] Level 1:colcon.colcon_core.package_identification:_identify(src/lab1) by extensions ['colcon_pkg']
[1.285s] Level 1:colcon.colcon_core.package_identification:_identify(src/lab1) by extension 'colcon_pkg'
[1.285s] Level 1:colcon.colcon_core.package_identification:_identify(src/lab1) by extensions ['colcon_meta']
[1.285s] Level 1:colcon.colcon_core.package_identification:_identify(src/lab1) by extension 'colcon_meta'
[1.285s] Level 1:colcon.colcon_core.package_identification:_identify(src/lab1) by extensions ['ros']
[1.285s] Level 1:colcon.colcon_core.package_identification:_identify(src/lab1) by extension 'ros'
[1.288s] DEBUG:colcon.colcon_core.package_identification:Package 'src/lab1' with type 'ros.ament_python' and name 'lab1'
[1.288s] Level 1:colcon.colcon_core.package_identification:_identify(src/rf2o_laser_odometry) by extensions ['ignore', 'ignore_ament_install']
[1.288s] Level 1:colcon.colcon_core.package_identification:_identify(src/rf2o_laser_odometry) by extension 'ignore'
[1.289s] Level 1:colcon.colcon_core.package_identification:_identify(src/rf2o_laser_odometry) by extension 'ignore_ament_install'
[1.289s] Level 1:colcon.colcon_core.package_identification:_identify(src/rf2o_laser_odometry) by extensions ['colcon_pkg']
[1.289s] Level 1:colcon.colcon_core.package_identification:_identify(src/rf2o_laser_odometry) by extension 'colcon_pkg'
[1.289s] Level 1:colcon.colcon_core.package_identification:_identify(src/rf2o_laser_odometry) by extensions ['colcon_meta']
[1.289s] Level 1:colcon.colcon_core.package_identification:_identify(src/rf2o_laser_odometry) by extension 'colcon_meta'
[1.290s] Level 1:colcon.colcon_core.package_identification:_identify(src/rf2o_laser_odometry) by extensions ['ros']
[1.290s] Level 1:colcon.colcon_core.package_identification:_identify(src/rf2o_laser_odometry) by extension 'ros'
[1.294s] DEBUG:colcon.colcon_core.package_identification:Package 'src/rf2o_laser_odometry' with type 'ros.ament_cmake' and name 'rf2o_laser_odometry'
[1.295s] Level 1:colcon.colcon_core.package_identification:_identify(src/rplidar_ros) by extensions ['ignore', 'ignore_ament_install']
[1.295s] Level 1:colcon.colcon_core.package_identification:_identify(src/rplidar_ros) by extension 'ignore'
[1.295s] Level 1:colcon.colcon_core.package_identification:_identify(src/rplidar_ros) by extension 'ignore_ament_install'
[1.296s] Level 1:colcon.colcon_core.package_identification:_identify(src/rplidar_ros) by extensions ['colcon_pkg']
[1.296s] Level 1:colcon.colcon_core.package_identification:_identify(src/rplidar_ros) by extension 'colcon_pkg'
[1.296s] Level 1:colcon.colcon_core.package_identification:_identify(src/rplidar_ros) by extensions ['colcon_meta']
[1.296s] Level 1:colcon.colcon_core.package_identification:_identify(src/rplidar_ros) by extension 'colcon_meta'
[1.296s] Level 1:colcon.colcon_core.package_identification:_identify(src/rplidar_ros) by extensions ['ros']
[1.297s] Level 1:colcon.colcon_core.package_identification:_identify(src/rplidar_ros) by extension 'ros'
[1.299s] DEBUG:colcon.colcon_core.package_identification:Package 'src/rplidar_ros' with type 'ros.ament_cmake' and name 'rplidar_ros'
[1.299s] Level 1:colcon.colcon_core.package_discovery:discover_packages(recursive) using defaults
[1.300s] Level 1:colcon.colcon_core.package_discovery:discover_packages(ignore) discover
[1.300s] Level 1:colcon.colcon_core.package_discovery:discover_packages(ignore) using defaults
[1.300s] Level 1:colcon.colcon_core.package_discovery:discover_packages(path) discover
[1.300s] Level 1:colcon.colcon_core.package_discovery:discover_packages(path) using defaults
[1.390s] INFO:colcon.colcon_core.package_selection:Skipping not selected package 'lidar_odometry' in 'src/Simple-2D-LiDAR-Odometry'
[1.390s] INFO:colcon.colcon_core.package_selection:Skipping not selected package 'rf2o_laser_odometry' in 'src/rf2o_laser_odometry'
[1.390s] INFO:colcon.colcon_core.package_selection:Skipping not selected package 'rplidar_ros' in 'src/rplidar_ros'
[1.392s] Level 1:colcon.colcon_core.package_discovery:discover_packages(prefix_path) check parameters
[1.392s] Level 1:colcon.colcon_core.package_discovery:discover_packages(prefix_path) discover
[1.449s] DEBUG:colcon.colcon_installed_package_information.package_discovery:Found 319 installed packages in /opt/ros/humble
[1.459s] Level 1:colcon.colcon_core.package_discovery:discover_packages(prefix_path) using defaults
[1.678s] Level 5:colcon.colcon_core.verb:set package 'lab1' build argument 'cmake_args' from command line to 'None'
[1.679s] Level 5:colcon.colcon_core.verb:set package 'lab1' build argument 'cmake_target' from command line to 'None'
[1.679s] Level 5:colcon.colcon_core.verb:set package 'lab1' build argument 'cmake_target_skip_unavailable' from command line to 'False'
[1.679s] Level 5:colcon.colcon_core.verb:set package 'lab1' build argument 'cmake_clean_cache' from command line to 'False'
[1.679s] Level 5:colcon.colcon_core.verb:set package 'lab1' build argument 'cmake_clean_first' from command line to 'False'
[1.679s] Level 5:colcon.colcon_core.verb:set package 'lab1' build argument 'cmake_force_configure' from command line to 'False'
[1.680s] Level 5:colcon.colcon_core.verb:set package 'lab1' build argument 'ament_cmake_args' from command line to 'None'
[1.680s] Level 5:colcon.colcon_core.verb:set package 'lab1' build argument 'catkin_cmake_args' from command line to 'None'
[1.680s] Level 5:colcon.colcon_core.verb:set package 'lab1' build argument 'catkin_skip_building_tests' from command line to 'False'
[1.680s] DEBUG:colcon.colcon_core.verb:Building package 'lab1' with the following arguments: {'ament_cmake_args': None, 'build_base': '/root/humble_ws/build/lab1', 'catkin_cmake_args': None, 'catkin_skip_building_tests': False, 'cmake_args': None, 'cmake_clean_cache': False, 'cmake_clean_first': False, 'cmake_force_configure': False, 'cmake_target': None, 'cmake_target_skip_unavailable': False, 'install_base': '/root/humble_ws/install/lab1', 'merge_install': False, 'path': '/root/humble_ws/src/lab1', 'symlink_install': True, 'test_result_base': None}
[1.681s] INFO:colcon.colcon_core.executor:Executing jobs using 'parallel' executor
[1.684s] DEBUG:colcon.colcon_parallel_executor.executor.parallel:run_until_complete
[1.686s] INFO:colcon.colcon_ros.task.ament_python.build:Building ROS package in '/root/humble_ws/src/lab1' with build type 'ament_python'
[1.686s] Level 1:colcon.colcon_core.shell:create_environment_hook('lab1', 'ament_prefix_path')
[1.696s] INFO:colcon.colcon_core.plugin_system:Skipping extension 'colcon_core.shell.bat': Not used on non-Windows systems
[1.697s] INFO:colcon.colcon_core.shell:Creating environment hook '/root/humble_ws/install/lab1/share/lab1/hook/ament_prefix_path.ps1'
[1.699s] INFO:colcon.colcon_core.shell:Creating environment descriptor '/root/humble_ws/install/lab1/share/lab1/hook/ament_prefix_path.dsv'
[1.701s] INFO:colcon.colcon_core.shell:Creating environment hook '/root/humble_ws/install/lab1/share/lab1/hook/ament_prefix_path.sh'
[1.705s] INFO:colcon.colcon_core.shell:Skip shell extension 'powershell' for command environment: Not usable outside of PowerShell
[1.705s] DEBUG:colcon.colcon_core.shell:Skip shell extension 'dsv' for command environment
[2.853s] INFO:colcon.colcon_core.task.python.build:Building Python package in '/root/humble_ws/src/lab1'
[2.854s] INFO:colcon.colcon_core.shell:Skip shell extension 'powershell' for command environment: Not usable outside of PowerShell
[2.854s] DEBUG:colcon.colcon_core.shell:Skip shell extension 'dsv' for command environment
[4.276s] DEBUG:colcon.colcon_core.task.python.build:Available setuptools commands: register, egg_info, bdist_egg, build_scripts, clean, alias, bdist, build_ext, install_data, install_headers, build_clib, install, symlink_data, easy_install, setopt, build_py, install_egg_info, install_lib, upload, bdist_dumb, rotate, check, install_scripts, build, test, bdist_rpm, saveopts, sdist, develop, upload_docs, dist_info
[5.530s] DEBUG:colcon.colcon_core.task.python.build:Available setuptools 'develop' options: --multi-version, --egg-path, --uninstall, --install-dir, --local-snapshots-ok, --no-deps, --version, --upgrade, --build-directory, --always-copy, --find-links, --editable, --verbose, --optimize, --no-user-cfg, --exclude-scripts, --install-layout, --index-url, --always-unzip, --allow-hosts, --force-installation-into-system-dir, --script-dir, --user, --zip-ok, --site-dirs, --no-find-links, --prefix, --dry-run, --record, --quiet, --help
[5.534s] DEBUG:colcon.colcon_core.event_handler.log_command:Invoking command in '/root/humble_ws/build/lab1': PYTHONPATH=/root/humble_ws/build/lab1/prefix_override:/usr/lib/python3/dist-packages/colcon_core/task/python/colcon_distutils_commands:/root/humble_ws/install/lab1/lib/python3.10/site-packages:${PYTHONPATH} /usr/bin/python3 -W ignore:setup.py install is deprecated -W ignore:easy_install command is deprecated setup.py develop --editable --build-directory /root/humble_ws/build/lab1/build --no-deps symlink_data
[7.545s] Level 1:colcon.colcon_core.shell:create_environment_hook('lab1', 'pythonpath_develop')
[7.547s] INFO:colcon.colcon_core.shell:Creating environment hook '/root/humble_ws/build/lab1/share/lab1/hook/pythonpath_develop.ps1'
[7.549s] DEBUG:colcon.colcon_core.event_handler.log_command:Invoked command in '/root/humble_ws/build/lab1' returned '0': PYTHONPATH=/root/humble_ws/build/lab1/prefix_override:/usr/lib/python3/dist-packages/colcon_core/task/python/colcon_distutils_commands:/root/humble_ws/install/lab1/lib/python3.10/site-packages:${PYTHONPATH} /usr/bin/python3 -W ignore:setup.py install is deprecated -W ignore:easy_install command is deprecated setup.py develop --editable --build-directory /root/humble_ws/build/lab1/build --no-deps symlink_data
[7.552s] INFO:colcon.colcon_core.shell:Creating environment descriptor '/root/humble_ws/build/lab1/share/lab1/hook/pythonpath_develop.dsv'
[7.553s] INFO:colcon.colcon_core.shell:Creating environment hook '/root/humble_ws/build/lab1/share/lab1/hook/pythonpath_develop.sh'
[7.566s] Level 1:colcon.colcon_core.environment:checking '/root/humble_ws/install/lab1' for CMake module files
[7.568s] Level 1:colcon.colcon_core.environment:checking '/root/humble_ws/install/lab1' for CMake config files
[7.571s] Level 1:colcon.colcon_core.environment:checking '/root/humble_ws/install/lab1/lib'
[7.571s] Level 1:colcon.colcon_core.environment:checking '/root/humble_ws/install/lab1/bin'
[7.572s] Level 1:colcon.colcon_core.environment:checking '/root/humble_ws/install/lab1/lib/pkgconfig/lab1.pc'
[7.573s] Level 1:colcon.colcon_core.environment:checking '/root/humble_ws/install/lab1/lib/python3.10/site-packages'
[7.573s] Level 1:colcon.colcon_core.shell:create_environment_hook('lab1', 'pythonpath')
[7.574s] INFO:colcon.colcon_core.shell:Creating environment hook '/root/humble_ws/install/lab1/share/lab1/hook/pythonpath.ps1'
[7.576s] INFO:colcon.colcon_core.shell:Creating environment descriptor '/root/humble_ws/install/lab1/share/lab1/hook/pythonpath.dsv'
[7.577s] INFO:colcon.colcon_core.shell:Creating environment hook '/root/humble_ws/install/lab1/share/lab1/hook/pythonpath.sh'
[7.581s] Level 1:colcon.colcon_core.environment:checking '/root/humble_ws/install/lab1/bin'
[7.581s] Level 1:colcon.colcon_core.environment:create_environment_scripts_only(lab1)
[7.583s] INFO:colcon.colcon_core.shell:Creating package script '/root/humble_ws/install/lab1/share/lab1/package.ps1'
[7.588s] INFO:colcon.colcon_core.shell:Creating package descriptor '/root/humble_ws/install/lab1/share/lab1/package.dsv'
[7.591s] INFO:colcon.colcon_core.shell:Creating package script '/root/humble_ws/install/lab1/share/lab1/package.sh'
[7.594s] INFO:colcon.colcon_core.shell:Creating package script '/root/humble_ws/install/lab1/share/lab1/package.bash'
[7.598s] INFO:colcon.colcon_core.shell:Creating package script '/root/humble_ws/install/lab1/share/lab1/package.zsh'
[7.601s] Level 1:colcon.colcon_core.environment:create_file_with_runtime_dependencies(/root/humble_ws/install/lab1/share/colcon-core/packages/lab1)
[7.602s] DEBUG:colcon.colcon_parallel_executor.executor.parallel:closing loop
[7.603s] DEBUG:colcon.colcon_parallel_executor.executor.parallel:loop closed
[7.603s] DEBUG:colcon.colcon_parallel_executor.executor.parallel:run_until_complete finished with '0'
[7.604s] DEBUG:colcon.colcon_core.event_reactor:joining thread
[7.624s] INFO:colcon.colcon_core.plugin_system:Skipping extension 'colcon_notification.desktop_notification.notify_send': Could not find 'notify-send'
[7.624s] INFO:colcon.colcon_core.plugin_system:Skipping extension 'colcon_notification.desktop_notification.terminal_notifier': Not used on non-Darwin systems
[7.625s] INFO:colcon.colcon_core.plugin_system:Skipping extension 'colcon_notification.desktop_notification.win32': Not used on non-Windows systems
[7.625s] INFO:colcon.colcon_notification.desktop_notification:Sending desktop notification using 'notify2'
[7.625s] DEBUG:colcon.colcon_notification.desktop_notification.notify2:Failed to initialize notify2: org.freedesktop.DBus.Error.NotSupported: Unable to autolaunch a dbus-daemon without a $DISPLAY for X11
[7.626s] DEBUG:colcon.colcon_core.event_reactor:joined thread
[7.627s] INFO:colcon.colcon_core.shell:Creating prefix script '/root/humble_ws/install/local_setup.ps1'
[7.631s] INFO:colcon.colcon_core.shell:Creating prefix util module '/root/humble_ws/install/_local_setup_util_ps1.py'
[7.637s] INFO:colcon.colcon_core.shell:Creating prefix chain script '/root/humble_ws/install/setup.ps1'
[7.642s] INFO:colcon.colcon_core.shell:Creating prefix script '/root/humble_ws/install/local_setup.sh'
[7.645s] INFO:colcon.colcon_core.shell:Creating prefix util module '/root/humble_ws/install/_local_setup_util_sh.py'
[7.648s] INFO:colcon.colcon_core.shell:Creating prefix chain script '/root/humble_ws/install/setup.sh'
[7.653s] INFO:colcon.colcon_core.shell:Creating prefix script '/root/humble_ws/install/local_setup.bash'
[7.655s] INFO:colcon.colcon_core.shell:Creating prefix chain script '/root/humble_ws/install/setup.bash'
[7.659s] INFO:colcon.colcon_core.shell:Creating prefix script '/root/humble_ws/install/local_setup.zsh'
[7.661s] INFO:colcon.colcon_core.shell:Creating prefix chain script '/root/humble_ws/install/setup.zsh'
