[0.447s] DEBUG:colcon:Command line arguments: ['/usr/bin/colcon', 'build', '--symlink-install', '--packages-select', 'lidar_odometry']
[0.448s] DEBUG:colcon:Parsed command line arguments: Namespace(log_base=None, log_level=None, verb_name='build', build_base='build', install_base='install', merge_install=False, symlink_install=True, test_result_base=None, continue_on_error=False, executor='parallel', parallel_workers=4, event_handlers=None, ignore_user_meta=False, metas=['./colcon.meta'], base_paths=['.'], packages_ignore=None, packages_ignore_regex=None, paths=None, packages_up_to=None, packages_up_to_regex=None, packages_above=None, packages_above_and_dependencies=None, packages_above_depth=None, packages_select_by_dep=None, packages_skip_by_dep=None, packages_skip_up_to=None, packages_select_build_failed=False, packages_skip_build_finished=False, packages_select_test_failures=False, packages_skip_test_passed=False, packages_select=['lidar_odometry'], packages_skip=None, packages_select_regex=None, packages_skip_regex=None, packages_start=None, packages_end=None, allow_overriding=[], cmake_args=None, cmake_target=None, cmake_target_skip_unavailable=False, cmake_clean_cache=False, cmake_clean_first=False, cmake_force_configure=False, ament_cmake_args=None, catkin_cmake_args=None, catkin_skip_building_tests=False, mixin_files=None, mixin=None, verb_parser=<colcon_mixin.mixin.mixin_argument.MixinArgumentDecorator object at 0x7fa1e14f40>, verb_extension=<colcon_core.verb.build.BuildVerb object at 0x7fa1f92620>, main=<bound method BuildVerb.main of <colcon_core.verb.build.BuildVerb object at 0x7fa1f92620>>, mixin_verb=('build',))
[1.175s] Level 1:colcon.colcon_core.package_discovery:discover_packages(colcon_meta) check parameters
[1.176s] Level 1:colcon.colcon_core.package_discovery:discover_packages(recursive) check parameters
[1.176s] Level 1:colcon.colcon_core.package_discovery:discover_packages(ignore) check parameters
[1.176s] Level 1:colcon.colcon_core.package_discovery:discover_packages(path) check parameters
[1.176s] Level 1:colcon.colcon_core.package_discovery:discover_packages(colcon_meta) discover
[1.177s] Level 1:colcon.colcon_core.package_discovery:discover_packages(recursive) discover
[1.177s] INFO:colcon.colcon_core.package_discovery:Crawling recursively for packages in '/root/humble_ws'
[1.177s] Level 1:colcon.colcon_core.package_identification:_identify(.) by extensions ['ignore', 'ignore_ament_install']
[1.177s] Level 1:colcon.colcon_core.package_identification:_identify(.) by extension 'ignore'
[1.178s] Level 1:colcon.colcon_core.package_identification:_identify(.) by extension 'ignore_ament_install'
[1.178s] Level 1:colcon.colcon_core.package_identification:_identify(.) by extensions ['colcon_pkg']
[1.178s] Level 1:colcon.colcon_core.package_identification:_identify(.) by extension 'colcon_pkg'
[1.178s] Level 1:colcon.colcon_core.package_identification:_identify(.) by extensions ['colcon_meta']
[1.178s] Level 1:colcon.colcon_core.package_identification:_identify(.) by extension 'colcon_meta'
[1.179s] Level 1:colcon.colcon_core.package_identification:_identify(.) by extensions ['ros']
[1.179s] Level 1:colcon.colcon_core.package_identification:_identify(.) by extension 'ros'
[1.228s] Level 1:colcon.colcon_core.package_identification:_identify(.) by extensions ['cmake', 'python']
[1.228s] Level 1:colcon.colcon_core.package_identification:_identify(.) by extension 'cmake'
[1.228s] Level 1:colcon.colcon_core.package_identification:_identify(.) by extension 'python'
[1.228s] Level 1:colcon.colcon_core.package_identification:_identify(.) by extensions ['python_setup_py']
[1.228s] Level 1:colcon.colcon_core.package_identification:_identify(.) by extension 'python_setup_py'
[1.229s] Level 1:colcon.colcon_core.package_identification:_identify(build) by extensions ['ignore', 'ignore_ament_install']
[1.229s] Level 1:colcon.colcon_core.package_identification:_identify(build) by extension 'ignore'
[1.230s] Level 1:colcon.colcon_core.package_identification:_identify(build) ignored
[1.230s] Level 1:colcon.colcon_core.package_identification:_identify(install) by extensions ['ignore', 'ignore_ament_install']
[1.230s] Level 1:colcon.colcon_core.package_identification:_identify(install) by extension 'ignore'
[1.231s] Level 1:colcon.colcon_core.package_identification:_identify(install) ignored
[1.231s] Level 1:colcon.colcon_core.package_identification:_identify(log) by extensions ['ignore', 'ignore_ament_install']
[1.231s] Level 1:colcon.colcon_core.package_identification:_identify(log) by extension 'ignore'
[1.232s] Level 1:colcon.colcon_core.package_identification:_identify(log) ignored
[1.232s] Level 1:colcon.colcon_core.package_identification:_identify(src) by extensions ['ignore', 'ignore_ament_install']
[1.232s] Level 1:colcon.colcon_core.package_identification:_identify(src) by extension 'ignore'
[1.232s] Level 1:colcon.colcon_core.package_identification:_identify(src) by extension 'ignore_ament_install'
[1.233s] Level 1:colcon.colcon_core.package_identification:_identify(src) by extensions ['colcon_pkg']
[1.233s] Level 1:colcon.colcon_core.package_identification:_identify(src) by extension 'colcon_pkg'
[1.233s] Level 1:colcon.colcon_core.package_identification:_identify(src) by extensions ['colcon_meta']
[1.233s] Level 1:colcon.colcon_core.package_identification:_identify(src) by extension 'colcon_meta'
[1.233s] Level 1:colcon.colcon_core.package_identification:_identify(src) by extensions ['ros']
[1.233s] Level 1:colcon.colcon_core.package_identification:_identify(src) by extension 'ros'
[1.234s] Level 1:colcon.colcon_core.package_identification:_identify(src) by extensions ['cmake', 'python']
[1.234s] Level 1:colcon.colcon_core.package_identification:_identify(src) by extension 'cmake'
[1.234s] Level 1:colcon.colcon_core.package_identification:_identify(src) by extension 'python'
[1.234s] Level 1:colcon.colcon_core.package_identification:_identify(src) by extensions ['python_setup_py']
[1.234s] Level 1:colcon.colcon_core.package_identification:_identify(src) by extension 'python_setup_py'
[1.235s] Level 1:colcon.colcon_core.package_identification:_identify(src/Simple-2D-LiDAR-Odometry) by extensions ['ignore', 'ignore_ament_install']
[1.235s] Level 1:colcon.colcon_core.package_identification:_identify(src/Simple-2D-LiDAR-Odometry) by extension 'ignore'
[1.235s] Level 1:colcon.colcon_core.package_identification:_identify(src/Simple-2D-LiDAR-Odometry) by extension 'ignore_ament_install'
[1.236s] Level 1:colcon.colcon_core.package_identification:_identify(src/Simple-2D-LiDAR-Odometry) by extensions ['colcon_pkg']
[1.236s] Level 1:colcon.colcon_core.package_identification:_identify(src/Simple-2D-LiDAR-Odometry) by extension 'colcon_pkg'
[1.236s] Level 1:colcon.colcon_core.package_identification:_identify(src/Simple-2D-LiDAR-Odometry) by extensions ['colcon_meta']
[1.236s] Level 1:colcon.colcon_core.package_identification:_identify(src/Simple-2D-LiDAR-Odometry) by extension 'colcon_meta'
[1.236s] Level 1:colcon.colcon_core.package_identification:_identify(src/Simple-2D-LiDAR-Odometry) by extensions ['ros']
[1.236s] Level 1:colcon.colcon_core.package_identification:_identify(src/Simple-2D-LiDAR-Odometry) by extension 'ros'
[1.249s] DEBUG:colcon.colcon_core.package_identification:Package 'src/Simple-2D-LiDAR-Odometry' with type 'ros.ament_cmake' and name 'lidar_odometry'
[1.250s] Level 1:colcon.colcon_core.package_identification:_identify(src/lab1) by extensions ['ignore', 'ignore_ament_install']
[1.250s] Level 1:colcon.colcon_core.package_identification:_identify(src/lab1) by extension 'ignore'
[1.250s] Level 1:colcon.colcon_core.package_identification:_identify(src/lab1) by extension 'ignore_ament_install'
[1.250s] Level 1:colcon.colcon_core.package_identification:_identify(src/lab1) by extensions ['colcon_pkg']
[1.251s] Level 1:colcon.colcon_core.package_identification:_identify(src/lab1) by extension 'colcon_pkg'
[1.251s] Level 1:colcon.colcon_core.package_identification:_identify(src/lab1) by extensions ['colcon_meta']
[1.251s] Level 1:colcon.colcon_core.package_identification:_identify(src/lab1) by extension 'colcon_meta'
[1.251s] Level 1:colcon.colcon_core.package_identification:_identify(src/lab1) by extensions ['ros']
[1.251s] Level 1:colcon.colcon_core.package_identification:_identify(src/lab1) by extension 'ros'
[1.254s] DEBUG:colcon.colcon_core.package_identification:Package 'src/lab1' with type 'ros.ament_python' and name 'lab1'
[1.254s] Level 1:colcon.colcon_core.package_identification:_identify(src/rplidar_ros) by extensions ['ignore', 'ignore_ament_install']
[1.255s] Level 1:colcon.colcon_core.package_identification:_identify(src/rplidar_ros) by extension 'ignore'
[1.255s] Level 1:colcon.colcon_core.package_identification:_identify(src/rplidar_ros) by extension 'ignore_ament_install'
[1.255s] Level 1:colcon.colcon_core.package_identification:_identify(src/rplidar_ros) by extensions ['colcon_pkg']
[1.255s] Level 1:colcon.colcon_core.package_identification:_identify(src/rplidar_ros) by extension 'colcon_pkg'
[1.255s] Level 1:colcon.colcon_core.package_identification:_identify(src/rplidar_ros) by extensions ['colcon_meta']
[1.256s] Level 1:colcon.colcon_core.package_identification:_identify(src/rplidar_ros) by extension 'colcon_meta'
[1.256s] Level 1:colcon.colcon_core.package_identification:_identify(src/rplidar_ros) by extensions ['ros']
[1.256s] Level 1:colcon.colcon_core.package_identification:_identify(src/rplidar_ros) by extension 'ros'
[1.258s] DEBUG:colcon.colcon_core.package_identification:Package 'src/rplidar_ros' with type 'ros.ament_cmake' and name 'rplidar_ros'
[1.259s] Level 1:colcon.colcon_core.package_discovery:discover_packages(recursive) using defaults
[1.259s] Level 1:colcon.colcon_core.package_discovery:discover_packages(ignore) discover
[1.259s] Level 1:colcon.colcon_core.package_discovery:discover_packages(ignore) using defaults
[1.259s] Level 1:colcon.colcon_core.package_discovery:discover_packages(path) discover
[1.259s] Level 1:colcon.colcon_core.package_discovery:discover_packages(path) using defaults
[1.391s] INFO:colcon.colcon_core.package_selection:Skipping not selected package 'lab1' in 'src/lab1'
[1.392s] INFO:colcon.colcon_core.package_selection:Skipping not selected package 'rplidar_ros' in 'src/rplidar_ros'
[1.393s] Level 1:colcon.colcon_core.package_discovery:discover_packages(prefix_path) check parameters
[1.393s] Level 1:colcon.colcon_core.package_discovery:discover_packages(prefix_path) discover
[1.400s] DEBUG:colcon.colcon_installed_package_information.package_discovery:Found 2 installed packages in /root/humble_ws/install
[1.408s] DEBUG:colcon.colcon_installed_package_information.package_discovery:Found 318 installed packages in /opt/ros/humble
[1.417s] Level 1:colcon.colcon_core.package_discovery:discover_packages(prefix_path) using defaults
[1.634s] Level 5:colcon.colcon_core.verb:set package 'lidar_odometry' build argument 'cmake_args' from command line to 'None'
[1.634s] Level 5:colcon.colcon_core.verb:set package 'lidar_odometry' build argument 'cmake_target' from command line to 'None'
[1.634s] Level 5:colcon.colcon_core.verb:set package 'lidar_odometry' build argument 'cmake_target_skip_unavailable' from command line to 'False'
[1.634s] Level 5:colcon.colcon_core.verb:set package 'lidar_odometry' build argument 'cmake_clean_cache' from command line to 'False'
[1.634s] Level 5:colcon.colcon_core.verb:set package 'lidar_odometry' build argument 'cmake_clean_first' from command line to 'False'
[1.635s] Level 5:colcon.colcon_core.verb:set package 'lidar_odometry' build argument 'cmake_force_configure' from command line to 'False'
[1.635s] Level 5:colcon.colcon_core.verb:set package 'lidar_odometry' build argument 'ament_cmake_args' from command line to 'None'
[1.635s] Level 5:colcon.colcon_core.verb:set package 'lidar_odometry' build argument 'catkin_cmake_args' from command line to 'None'
[1.635s] Level 5:colcon.colcon_core.verb:set package 'lidar_odometry' build argument 'catkin_skip_building_tests' from command line to 'False'
[1.635s] DEBUG:colcon.colcon_core.verb:Building package 'lidar_odometry' with the following arguments: {'ament_cmake_args': None, 'build_base': '/root/humble_ws/build/lidar_odometry', 'catkin_cmake_args': None, 'catkin_skip_building_tests': False, 'cmake_args': None, 'cmake_clean_cache': False, 'cmake_clean_first': False, 'cmake_force_configure': False, 'cmake_target': None, 'cmake_target_skip_unavailable': False, 'install_base': '/root/humble_ws/install/lidar_odometry', 'merge_install': False, 'path': '/root/humble_ws/src/Simple-2D-LiDAR-Odometry', 'symlink_install': True, 'test_result_base': None}
[1.636s] INFO:colcon.colcon_core.executor:Executing jobs using 'parallel' executor
[1.639s] DEBUG:colcon.colcon_parallel_executor.executor.parallel:run_until_complete
[1.640s] INFO:colcon.colcon_ros.task.ament_cmake.build:Building ROS package in '/root/humble_ws/src/Simple-2D-LiDAR-Odometry' with build type 'ament_cmake'
[1.640s] INFO:colcon.colcon_cmake.task.cmake.build:Building CMake package in '/root/humble_ws/src/Simple-2D-LiDAR-Odometry'
[1.650s] INFO:colcon.colcon_core.plugin_system:Skipping extension 'colcon_core.shell.bat': Not used on non-Windows systems
[1.650s] INFO:colcon.colcon_core.shell:Skip shell extension 'powershell' for command environment: Not usable outside of PowerShell
[1.651s] DEBUG:colcon.colcon_core.shell:Skip shell extension 'dsv' for command environment
[1.679s] DEBUG:colcon.colcon_core.event_handler.log_command:Invoking command in '/root/humble_ws/build/lidar_odometry': CMAKE_PREFIX_PATH=${CMAKE_PREFIX_PATH}:/root/humble_ws/install/lab1:/opt/ros/humble /usr/bin/cmake /root/humble_ws/src/Simple-2D-LiDAR-Odometry -DAMENT_CMAKE_SYMLINK_INSTALL=1 -DCMAKE_INSTALL_PREFIX=/root/humble_ws/install/lidar_odometry
[16.772s] DEBUG:colcon.colcon_core.event_handler.log_command:Invoked command in '/root/humble_ws/build/lidar_odometry' returned '0': CMAKE_PREFIX_PATH=${CMAKE_PREFIX_PATH}:/root/humble_ws/install/lab1:/opt/ros/humble /usr/bin/cmake /root/humble_ws/src/Simple-2D-LiDAR-Odometry -DAMENT_CMAKE_SYMLINK_INSTALL=1 -DCMAKE_INSTALL_PREFIX=/root/humble_ws/install/lidar_odometry
[16.780s] DEBUG:colcon.colcon_core.event_handler.log_command:Invoking command in '/root/humble_ws/build/lidar_odometry': CMAKE_PREFIX_PATH=${CMAKE_PREFIX_PATH}:/root/humble_ws/install/lab1:/opt/ros/humble /usr/bin/cmake --build /root/humble_ws/build/lidar_odometry -- -j4 -l4
[106.143s] DEBUG:colcon.colcon_core.event_handler.log_command:Invoked command in '/root/humble_ws/build/lidar_odometry' returned '0': CMAKE_PREFIX_PATH=${CMAKE_PREFIX_PATH}:/root/humble_ws/install/lab1:/opt/ros/humble /usr/bin/cmake --build /root/humble_ws/build/lidar_odometry -- -j4 -l4
[106.177s] DEBUG:colcon.colcon_core.event_handler.log_command:Invoking command in '/root/humble_ws/build/lidar_odometry': CMAKE_PREFIX_PATH=${CMAKE_PREFIX_PATH}:/root/humble_ws/install/lab1:/opt/ros/humble /usr/bin/cmake --install /root/humble_ws/build/lidar_odometry
[106.621s] Level 1:colcon.colcon_core.environment:create_environment_scripts_only(lidar_odometry)
[106.624s] DEBUG:colcon.colcon_core.event_handler.log_command:Invoked command in '/root/humble_ws/build/lidar_odometry' returned '0': CMAKE_PREFIX_PATH=${CMAKE_PREFIX_PATH}:/root/humble_ws/install/lab1:/opt/ros/humble /usr/bin/cmake --install /root/humble_ws/build/lidar_odometry
[106.659s] Level 1:colcon.colcon_core.environment:checking '/root/humble_ws/install/lidar_odometry' for CMake module files
[106.662s] Level 1:colcon.colcon_core.environment:checking '/root/humble_ws/install/lidar_odometry' for CMake config files
[106.663s] Level 1:colcon.colcon_core.shell:create_environment_hook('lidar_odometry', 'cmake_prefix_path')
[106.664s] INFO:colcon.colcon_core.shell:Creating environment hook '/root/humble_ws/install/lidar_odometry/share/lidar_odometry/hook/cmake_prefix_path.ps1'
[106.670s] INFO:colcon.colcon_core.shell:Creating environment descriptor '/root/humble_ws/install/lidar_odometry/share/lidar_odometry/hook/cmake_prefix_path.dsv'
[106.674s] INFO:colcon.colcon_core.shell:Creating environment hook '/root/humble_ws/install/lidar_odometry/share/lidar_odometry/hook/cmake_prefix_path.sh'
[106.678s] Level 1:colcon.colcon_core.environment:checking '/root/humble_ws/install/lidar_odometry/lib'
[106.679s] Level 1:colcon.colcon_core.environment:checking '/root/humble_ws/install/lidar_odometry/bin'
[106.679s] Level 1:colcon.colcon_core.environment:checking '/root/humble_ws/install/lidar_odometry/lib/pkgconfig/lidar_odometry.pc'
[106.680s] Level 1:colcon.colcon_core.environment:checking '/root/humble_ws/install/lidar_odometry/lib/python3.10/site-packages'
[106.682s] Level 1:colcon.colcon_core.environment:checking '/root/humble_ws/install/lidar_odometry/bin'
[106.683s] INFO:colcon.colcon_core.shell:Creating package script '/root/humble_ws/install/lidar_odometry/share/lidar_odometry/package.ps1'
[106.691s] INFO:colcon.colcon_core.shell:Creating package descriptor '/root/humble_ws/install/lidar_odometry/share/lidar_odometry/package.dsv'
[106.696s] INFO:colcon.colcon_core.shell:Creating package script '/root/humble_ws/install/lidar_odometry/share/lidar_odometry/package.sh'
[106.699s] INFO:colcon.colcon_core.shell:Creating package script '/root/humble_ws/install/lidar_odometry/share/lidar_odometry/package.bash'
[106.706s] INFO:colcon.colcon_core.shell:Creating package script '/root/humble_ws/install/lidar_odometry/share/lidar_odometry/package.zsh'
[106.710s] Level 1:colcon.colcon_core.environment:create_file_with_runtime_dependencies(/root/humble_ws/install/lidar_odometry/share/colcon-core/packages/lidar_odometry)
[106.712s] Level 1:colcon.colcon_core.environment:create_environment_scripts_only(lidar_odometry)
[106.713s] Level 1:colcon.colcon_core.environment:checking '/root/humble_ws/install/lidar_odometry' for CMake module files
[106.716s] Level 1:colcon.colcon_core.environment:checking '/root/humble_ws/install/lidar_odometry' for CMake config files
[106.717s] Level 1:colcon.colcon_core.shell:create_environment_hook('lidar_odometry', 'cmake_prefix_path')
[106.718s] INFO:colcon.colcon_core.shell:Creating environment hook '/root/humble_ws/install/lidar_odometry/share/lidar_odometry/hook/cmake_prefix_path.ps1'
[106.719s] INFO:colcon.colcon_core.shell:Creating environment descriptor '/root/humble_ws/install/lidar_odometry/share/lidar_odometry/hook/cmake_prefix_path.dsv'
[106.721s] INFO:colcon.colcon_core.shell:Creating environment hook '/root/humble_ws/install/lidar_odometry/share/lidar_odometry/hook/cmake_prefix_path.sh'
[106.723s] Level 1:colcon.colcon_core.environment:checking '/root/humble_ws/install/lidar_odometry/lib'
[106.723s] Level 1:colcon.colcon_core.environment:checking '/root/humble_ws/install/lidar_odometry/bin'
[106.723s] Level 1:colcon.colcon_core.environment:checking '/root/humble_ws/install/lidar_odometry/lib/pkgconfig/lidar_odometry.pc'
[106.724s] Level 1:colcon.colcon_core.environment:checking '/root/humble_ws/install/lidar_odometry/lib/python3.10/site-packages'
[106.726s] Level 1:colcon.colcon_core.environment:checking '/root/humble_ws/install/lidar_odometry/bin'
[106.727s] INFO:colcon.colcon_core.shell:Creating package script '/root/humble_ws/install/lidar_odometry/share/lidar_odometry/package.ps1'
[106.730s] INFO:colcon.colcon_core.shell:Creating package descriptor '/root/humble_ws/install/lidar_odometry/share/lidar_odometry/package.dsv'
[106.731s] INFO:colcon.colcon_core.shell:Creating package script '/root/humble_ws/install/lidar_odometry/share/lidar_odometry/package.sh'
[106.733s] INFO:colcon.colcon_core.shell:Creating package script '/root/humble_ws/install/lidar_odometry/share/lidar_odometry/package.bash'
[106.735s] INFO:colcon.colcon_core.shell:Creating package script '/root/humble_ws/install/lidar_odometry/share/lidar_odometry/package.zsh'
[106.737s] Level 1:colcon.colcon_core.environment:create_file_with_runtime_dependencies(/root/humble_ws/install/lidar_odometry/share/colcon-core/packages/lidar_odometry)
[106.738s] DEBUG:colcon.colcon_parallel_executor.executor.parallel:closing loop
[106.738s] DEBUG:colcon.colcon_parallel_executor.executor.parallel:loop closed
[106.738s] DEBUG:colcon.colcon_parallel_executor.executor.parallel:run_until_complete finished with '0'
[106.739s] DEBUG:colcon.colcon_core.event_reactor:joining thread
[106.834s] INFO:colcon.colcon_core.plugin_system:Skipping extension 'colcon_notification.desktop_notification.notify_send': Could not find 'notify-send'
[106.835s] INFO:colcon.colcon_core.plugin_system:Skipping extension 'colcon_notification.desktop_notification.terminal_notifier': Not used on non-Darwin systems
[106.835s] INFO:colcon.colcon_core.plugin_system:Skipping extension 'colcon_notification.desktop_notification.win32': Not used on non-Windows systems
[106.836s] INFO:colcon.colcon_notification.desktop_notification:Sending desktop notification using 'notify2'
[106.836s] DEBUG:colcon.colcon_notification.desktop_notification.notify2:Failed to initialize notify2: org.freedesktop.DBus.Error.NotSupported: Unable to autolaunch a dbus-daemon without a $DISPLAY for X11
[106.836s] DEBUG:colcon.colcon_core.event_reactor:joined thread
[106.838s] INFO:colcon.colcon_core.shell:Creating prefix script '/root/humble_ws/install/local_setup.ps1'
[106.844s] INFO:colcon.colcon_core.shell:Creating prefix util module '/root/humble_ws/install/_local_setup_util_ps1.py'
[106.854s] INFO:colcon.colcon_core.shell:Creating prefix chain script '/root/humble_ws/install/setup.ps1'
[106.860s] INFO:colcon.colcon_core.shell:Creating prefix script '/root/humble_ws/install/local_setup.sh'
[106.866s] INFO:colcon.colcon_core.shell:Creating prefix util module '/root/humble_ws/install/_local_setup_util_sh.py'
[106.868s] INFO:colcon.colcon_core.shell:Creating prefix chain script '/root/humble_ws/install/setup.sh'
[106.873s] INFO:colcon.colcon_core.shell:Creating prefix script '/root/humble_ws/install/local_setup.bash'
[106.877s] INFO:colcon.colcon_core.shell:Creating prefix chain script '/root/humble_ws/install/setup.bash'
[106.882s] INFO:colcon.colcon_core.shell:Creating prefix script '/root/humble_ws/install/local_setup.zsh'
[106.884s] INFO:colcon.colcon_core.shell:Creating prefix chain script '/root/humble_ws/install/setup.zsh'
