[0.451s] DEBUG:colcon:Command line arguments: ['/usr/bin/colcon', 'build', '--packages-select', 'lab1', '--symlink-install']
[0.451s] DEBUG:colcon:Parsed command line arguments: Namespace(log_base=None, log_level=None, verb_name='build', build_base='build', install_base='install', merge_install=False, symlink_install=True, test_result_base=None, continue_on_error=False, executor='parallel', parallel_workers=4, event_handlers=None, ignore_user_meta=False, metas=['./colcon.meta'], base_paths=['.'], packages_ignore=None, packages_ignore_regex=None, paths=None, packages_up_to=None, packages_up_to_regex=None, packages_above=None, packages_above_and_dependencies=None, packages_above_depth=None, packages_select_by_dep=None, packages_skip_by_dep=None, packages_skip_up_to=None, packages_select_build_failed=False, packages_skip_build_finished=False, packages_select_test_failures=False, packages_skip_test_passed=False, packages_select=['lab1'], packages_skip=None, packages_select_regex=None, packages_skip_regex=None, packages_start=None, packages_end=None, allow_overriding=[], cmake_args=None, cmake_target=None, cmake_target_skip_unavailable=False, cmake_clean_cache=False, cmake_clean_first=False, cmake_force_configure=False, ament_cmake_args=None, catkin_cmake_args=None, catkin_skip_building_tests=False, mixin_files=None, mixin=None, verb_parser=<colcon_mixin.mixin.mixin_argument.MixinArgumentDecorator object at 0x7faef51210>, verb_extension=<colcon_core.verb.build.BuildVerb object at 0x7faf0ee8f0>, main=<bound method BuildVerb.main of <colcon_core.verb.build.BuildVerb object at 0x7faf0ee8f0>>, mixin_verb=('build',))
[1.189s] Level 1:colcon.colcon_core.package_discovery:discover_packages(colcon_meta) check parameters
[1.190s] Level 1:colcon.colcon_core.package_discovery:discover_packages(recursive) check parameters
[1.190s] Level 1:colcon.colcon_core.package_discovery:discover_packages(ignore) check parameters
[1.190s] Level 1:colcon.colcon_core.package_discovery:discover_packages(path) check parameters
[1.190s] Level 1:colcon.colcon_core.package_discovery:discover_packages(colcon_meta) discover
[1.190s] Level 1:colcon.colcon_core.package_discovery:discover_packages(recursive) discover
[1.190s] INFO:colcon.colcon_core.package_discovery:Crawling recursively for packages in '/root/humble_ws'
[1.191s] Level 1:colcon.colcon_core.package_identification:_identify(.) by extensions ['ignore', 'ignore_ament_install']
[1.191s] Level 1:colcon.colcon_core.package_identification:_identify(.) by extension 'ignore'
[1.192s] Level 1:colcon.colcon_core.package_identification:_identify(.) by extension 'ignore_ament_install'
[1.192s] Level 1:colcon.colcon_core.package_identification:_identify(.) by extensions ['colcon_pkg']
[1.192s] Level 1:colcon.colcon_core.package_identification:_identify(.) by extension 'colcon_pkg'
[1.192s] Level 1:colcon.colcon_core.package_identification:_identify(.) by extensions ['colcon_meta']
[1.192s] Level 1:colcon.colcon_core.package_identification:_identify(.) by extension 'colcon_meta'
[1.192s] Level 1:colcon.colcon_core.package_identification:_identify(.) by extensions ['ros']
[1.193s] Level 1:colcon.colcon_core.package_identification:_identify(.) by extension 'ros'
[1.241s] Level 1:colcon.colcon_core.package_identification:_identify(.) by extensions ['cmake', 'python']
[1.241s] Level 1:colcon.colcon_core.package_identification:_identify(.) by extension 'cmake'
[1.241s] Level 1:colcon.colcon_core.package_identification:_identify(.) by extension 'python'
[1.241s] Level 1:colcon.colcon_core.package_identification:_identify(.) by extensions ['python_setup_py']
[1.242s] Level 1:colcon.colcon_core.package_identification:_identify(.) by extension 'python_setup_py'
[1.242s] Level 1:colcon.colcon_core.package_identification:_identify(build) by extensions ['ignore', 'ignore_ament_install']
[1.243s] Level 1:colcon.colcon_core.package_identification:_identify(build) by extension 'ignore'
[1.243s] Level 1:colcon.colcon_core.package_identification:_identify(build) ignored
[1.249s] Level 1:colcon.colcon_core.package_identification:_identify(car_ws) by extensions ['ignore', 'ignore_ament_install']
[1.249s] Level 1:colcon.colcon_core.package_identification:_identify(car_ws) by extension 'ignore'
[1.250s] Level 1:colcon.colcon_core.package_identification:_identify(car_ws) by extension 'ignore_ament_install'
[1.250s] Level 1:colcon.colcon_core.package_identification:_identify(car_ws) by extensions ['colcon_pkg']
[1.250s] Level 1:colcon.colcon_core.package_identification:_identify(car_ws) by extension 'colcon_pkg'
[1.250s] Level 1:colcon.colcon_core.package_identification:_identify(car_ws) by extensions ['colcon_meta']
[1.250s] Level 1:colcon.colcon_core.package_identification:_identify(car_ws) by extension 'colcon_meta'
[1.251s] Level 1:colcon.colcon_core.package_identification:_identify(car_ws) by extensions ['ros']
[1.251s] Level 1:colcon.colcon_core.package_identification:_identify(car_ws) by extension 'ros'
[1.251s] Level 1:colcon.colcon_core.package_identification:_identify(car_ws) by extensions ['cmake', 'python']
[1.251s] Level 1:colcon.colcon_core.package_identification:_identify(car_ws) by extension 'cmake'
[1.251s] Level 1:colcon.colcon_core.package_identification:_identify(car_ws) by extension 'python'
[1.252s] Level 1:colcon.colcon_core.package_identification:_identify(car_ws) by extensions ['python_setup_py']
[1.252s] Level 1:colcon.colcon_core.package_identification:_identify(car_ws) by extension 'python_setup_py'
[1.252s] Level 1:colcon.colcon_core.package_identification:_identify(install) by extensions ['ignore', 'ignore_ament_install']
[1.253s] Level 1:colcon.colcon_core.package_identification:_identify(install) by extension 'ignore'
[1.253s] Level 1:colcon.colcon_core.package_identification:_identify(install) ignored
[1.253s] Level 1:colcon.colcon_core.package_identification:_identify(log) by extensions ['ignore', 'ignore_ament_install']
[1.253s] Level 1:colcon.colcon_core.package_identification:_identify(log) by extension 'ignore'
[1.254s] Level 1:colcon.colcon_core.package_identification:_identify(log) ignored
[1.254s] Level 1:colcon.colcon_core.package_identification:_identify(src) by extensions ['ignore', 'ignore_ament_install']
[1.254s] Level 1:colcon.colcon_core.package_identification:_identify(src) by extension 'ignore'
[1.254s] Level 1:colcon.colcon_core.package_identification:_identify(src) by extension 'ignore_ament_install'
[1.255s] Level 1:colcon.colcon_core.package_identification:_identify(src) by extensions ['colcon_pkg']
[1.255s] Level 1:colcon.colcon_core.package_identification:_identify(src) by extension 'colcon_pkg'
[1.255s] Level 1:colcon.colcon_core.package_identification:_identify(src) by extensions ['colcon_meta']
[1.255s] Level 1:colcon.colcon_core.package_identification:_identify(src) by extension 'colcon_meta'
[1.255s] Level 1:colcon.colcon_core.package_identification:_identify(src) by extensions ['ros']
[1.256s] Level 1:colcon.colcon_core.package_identification:_identify(src) by extension 'ros'
[1.256s] Level 1:colcon.colcon_core.package_identification:_identify(src) by extensions ['cmake', 'python']
[1.256s] Level 1:colcon.colcon_core.package_identification:_identify(src) by extension 'cmake'
[1.256s] Level 1:colcon.colcon_core.package_identification:_identify(src) by extension 'python'
[1.256s] Level 1:colcon.colcon_core.package_identification:_identify(src) by extensions ['python_setup_py']
[1.256s] Level 1:colcon.colcon_core.package_identification:_identify(src) by extension 'python_setup_py'
[1.258s] Level 1:colcon.colcon_core.package_identification:_identify(src/Simple-2D-LiDAR-Odometry) by extensions ['ignore', 'ignore_ament_install']
[1.258s] Level 1:colcon.colcon_core.package_identification:_identify(src/Simple-2D-LiDAR-Odometry) by extension 'ignore'
[1.258s] Level 1:colcon.colcon_core.package_identification:_identify(src/Simple-2D-LiDAR-Odometry) by extension 'ignore_ament_install'
[1.259s] Level 1:colcon.colcon_core.package_identification:_identify(src/Simple-2D-LiDAR-Odometry) by extensions ['colcon_pkg']
[1.259s] Level 1:colcon.colcon_core.package_identification:_identify(src/Simple-2D-LiDAR-Odometry) by extension 'colcon_pkg'
[1.259s] Level 1:colcon.colcon_core.package_identification:_identify(src/Simple-2D-LiDAR-Odometry) by extensions ['colcon_meta']
[1.259s] Level 1:colcon.colcon_core.package_identification:_identify(src/Simple-2D-LiDAR-Odometry) by extension 'colcon_meta'
[1.259s] Level 1:colcon.colcon_core.package_identification:_identify(src/Simple-2D-LiDAR-Odometry) by extensions ['ros']
[1.259s] Level 1:colcon.colcon_core.package_identification:_identify(src/Simple-2D-LiDAR-Odometry) by extension 'ros'
[1.275s] DEBUG:colcon.colcon_core.package_identification:Package 'src/Simple-2D-LiDAR-Odometry' with type 'ros.ament_cmake' and name 'lidar_odometry'
[1.276s] Level 1:colcon.colcon_core.package_identification:_identify(src/lab1) by extensions ['ignore', 'ignore_ament_install']
[1.276s] Level 1:colcon.colcon_core.package_identification:_identify(src/lab1) by extension 'ignore'
[1.276s] Level 1:colcon.colcon_core.package_identification:_identify(src/lab1) by extension 'ignore_ament_install'
[1.277s] Level 1:colcon.colcon_core.package_identification:_identify(src/lab1) by extensions ['colcon_pkg']
[1.277s] Level 1:colcon.colcon_core.package_identification:_identify(src/lab1) by extension 'colcon_pkg'
[1.277s] Level 1:colcon.colcon_core.package_identification:_identify(src/lab1) by extensions ['colcon_meta']
[1.277s] Level 1:colcon.colcon_core.package_identification:_identify(src/lab1) by extension 'colcon_meta'
[1.277s] Level 1:colcon.colcon_core.package_identification:_identify(src/lab1) by extensions ['ros']
[1.277s] Level 1:colcon.colcon_core.package_identification:_identify(src/lab1) by extension 'ros'
[1.280s] DEBUG:colcon.colcon_core.package_identification:Package 'src/lab1' with type 'ros.ament_python' and name 'lab1'
[1.281s] Level 1:colcon.colcon_core.package_identification:_identify(src/rf2o_laser_odometry) by extensions ['ignore', 'ignore_ament_install']
[1.281s] Level 1:colcon.colcon_core.package_identification:_identify(src/rf2o_laser_odometry) by extension 'ignore'
[1.282s] Level 1:colcon.colcon_core.package_identification:_identify(src/rf2o_laser_odometry) by extension 'ignore_ament_install'
[1.282s] Level 1:colcon.colcon_core.package_identification:_identify(src/rf2o_laser_odometry) by extensions ['colcon_pkg']
[1.282s] Level 1:colcon.colcon_core.package_identification:_identify(src/rf2o_laser_odometry) by extension 'colcon_pkg'
[1.282s] Level 1:colcon.colcon_core.package_identification:_identify(src/rf2o_laser_odometry) by extensions ['colcon_meta']
[1.282s] Level 1:colcon.colcon_core.package_identification:_identify(src/rf2o_laser_odometry) by extension 'colcon_meta'
[1.283s] Level 1:colcon.colcon_core.package_identification:_identify(src/rf2o_laser_odometry) by extensions ['ros']
[1.283s] Level 1:colcon.colcon_core.package_identification:_identify(src/rf2o_laser_odometry) by extension 'ros'
[1.288s] DEBUG:colcon.colcon_core.package_identification:Package 'src/rf2o_laser_odometry' with type 'ros.ament_cmake' and name 'rf2o_laser_odometry'
[1.289s] Level 1:colcon.colcon_core.package_identification:_identify(src/rplidar_ros) by extensions ['ignore', 'ignore_ament_install']
[1.289s] Level 1:colcon.colcon_core.package_identification:_identify(src/rplidar_ros) by extension 'ignore'
[1.289s] Level 1:colcon.colcon_core.package_identification:_identify(src/rplidar_ros) by extension 'ignore_ament_install'
[1.290s] Level 1:colcon.colcon_core.package_identification:_identify(src/rplidar_ros) by extensions ['colcon_pkg']
[1.290s] Level 1:colcon.colcon_core.package_identification:_identify(src/rplidar_ros) by extension 'colcon_pkg'
[1.290s] Level 1:colcon.colcon_core.package_identification:_identify(src/rplidar_ros) by extensions ['colcon_meta']
[1.290s] Level 1:colcon.colcon_core.package_identification:_identify(src/rplidar_ros) by extension 'colcon_meta'
[1.290s] Level 1:colcon.colcon_core.package_identification:_identify(src/rplidar_ros) by extensions ['ros']
[1.290s] Level 1:colcon.colcon_core.package_identification:_identify(src/rplidar_ros) by extension 'ros'
[1.293s] DEBUG:colcon.colcon_core.package_identification:Package 'src/rplidar_ros' with type 'ros.ament_cmake' and name 'rplidar_ros'
[1.294s] Level 1:colcon.colcon_core.package_discovery:discover_packages(recursive) using defaults
[1.295s] Level 1:colcon.colcon_core.package_discovery:discover_packages(ignore) discover
[1.295s] Level 1:colcon.colcon_core.package_discovery:discover_packages(ignore) using defaults
[1.295s] Level 1:colcon.colcon_core.package_discovery:discover_packages(path) discover
[1.295s] Level 1:colcon.colcon_core.package_discovery:discover_packages(path) using defaults
[1.464s] INFO:colcon.colcon_core.package_selection:Skipping not selected package 'lidar_odometry' in 'src/Simple-2D-LiDAR-Odometry'
[1.464s] INFO:colcon.colcon_core.package_selection:Skipping not selected package 'rf2o_laser_odometry' in 'src/rf2o_laser_odometry'
[1.464s] INFO:colcon.colcon_core.package_selection:Skipping not selected package 'rplidar_ros' in 'src/rplidar_ros'
[1.466s] Level 1:colcon.colcon_core.package_discovery:discover_packages(prefix_path) check parameters
[1.466s] Level 1:colcon.colcon_core.package_discovery:discover_packages(prefix_path) discover
[1.478s] DEBUG:colcon.colcon_installed_package_information.package_discovery:Found 4 installed packages in /root/humble_ws/install
[1.486s] DEBUG:colcon.colcon_installed_package_information.package_discovery:Found 319 installed packages in /opt/ros/humble
[1.495s] Level 1:colcon.colcon_core.package_discovery:discover_packages(prefix_path) using defaults
[1.735s] Level 5:colcon.colcon_core.verb:set package 'lab1' build argument 'cmake_args' from command line to 'None'
[1.735s] Level 5:colcon.colcon_core.verb:set package 'lab1' build argument 'cmake_target' from command line to 'None'
[1.736s] Level 5:colcon.colcon_core.verb:set package 'lab1' build argument 'cmake_target_skip_unavailable' from command line to 'False'
[1.736s] Level 5:colcon.colcon_core.verb:set package 'lab1' build argument 'cmake_clean_cache' from command line to 'False'
[1.736s] Level 5:colcon.colcon_core.verb:set package 'lab1' build argument 'cmake_clean_first' from command line to 'False'
[1.736s] Level 5:colcon.colcon_core.verb:set package 'lab1' build argument 'cmake_force_configure' from command line to 'False'
[1.736s] Level 5:colcon.colcon_core.verb:set package 'lab1' build argument 'ament_cmake_args' from command line to 'None'
[1.736s] Level 5:colcon.colcon_core.verb:set package 'lab1' build argument 'catkin_cmake_args' from command line to 'None'
[1.736s] Level 5:colcon.colcon_core.verb:set package 'lab1' build argument 'catkin_skip_building_tests' from command line to 'False'
[1.737s] DEBUG:colcon.colcon_core.verb:Building package 'lab1' with the following arguments: {'ament_cmake_args': None, 'build_base': '/root/humble_ws/build/lab1', 'catkin_cmake_args': None, 'catkin_skip_building_tests': False, 'cmake_args': None, 'cmake_clean_cache': False, 'cmake_clean_first': False, 'cmake_force_configure': False, 'cmake_target': None, 'cmake_target_skip_unavailable': False, 'install_base': '/root/humble_ws/install/lab1', 'merge_install': False, 'path': '/root/humble_ws/src/lab1', 'symlink_install': True, 'test_result_base': None}
[1.737s] INFO:colcon.colcon_core.executor:Executing jobs using 'parallel' executor
[1.740s] DEBUG:colcon.colcon_parallel_executor.executor.parallel:run_until_complete
[1.741s] INFO:colcon.colcon_ros.task.ament_python.build:Building ROS package in '/root/humble_ws/src/lab1' with build type 'ament_python'
[1.742s] Level 1:colcon.colcon_core.shell:create_environment_hook('lab1', 'ament_prefix_path')
[1.768s] INFO:colcon.colcon_core.plugin_system:Skipping extension 'colcon_core.shell.bat': Not used on non-Windows systems
[1.769s] INFO:colcon.colcon_core.shell:Creating environment hook '/root/humble_ws/install/lab1/share/lab1/hook/ament_prefix_path.ps1'
[1.772s] INFO:colcon.colcon_core.shell:Creating environment descriptor '/root/humble_ws/install/lab1/share/lab1/hook/ament_prefix_path.dsv'
[1.775s] INFO:colcon.colcon_core.shell:Creating environment hook '/root/humble_ws/install/lab1/share/lab1/hook/ament_prefix_path.sh'
[1.779s] INFO:colcon.colcon_core.shell:Skip shell extension 'powershell' for command environment: Not usable outside of PowerShell
[1.779s] DEBUG:colcon.colcon_core.shell:Skip shell extension 'dsv' for command environment
[2.907s] INFO:colcon.colcon_core.task.python.build:Building Python package in '/root/humble_ws/src/lab1'
[2.908s] INFO:colcon.colcon_core.shell:Skip shell extension 'powershell' for command environment: Not usable outside of PowerShell
[2.908s] DEBUG:colcon.colcon_core.shell:Skip shell extension 'dsv' for command environment
[4.427s] DEBUG:colcon.colcon_core.task.python.build:Available setuptools commands: install_scripts, sdist, upload, bdist_dumb, bdist_rpm, easy_install, build, bdist_wheel, install, build_py, install_headers, develop, install_data, build_scripts, clean, build_ext, symlink_data, bdist_egg, rotate, register, upload_docs, saveopts, dist_info, check, bdist, install_egg_info, build_clib, install_lib, alias, setopt, test, egg_info
[5.635s] DEBUG:colcon.colcon_core.task.python.build:Available setuptools 'develop' options: --help, --record, --no-deps, --quiet, --user, --install-dir, --egg-path, --script-dir, --local-snapshots-ok, --upgrade, --always-copy, --uninstall, --build-directory, --index-url, --no-find-links, --find-links, --optimize, --always-unzip, --install-layout, --allow-hosts, --multi-version, --verbose, --force-installation-into-system-dir, --prefix, --zip-ok, --exclude-scripts, --editable, --site-dirs, --version, --dry-run, --no-user-cfg
[5.641s] DEBUG:colcon.colcon_core.event_handler.log_command:Invoking command in '/root/humble_ws/build/lab1': PYTHONPATH=/root/humble_ws/build/lab1/prefix_override:/usr/lib/python3/dist-packages/colcon_core/task/python/colcon_distutils_commands:/root/humble_ws/install/lab1/lib/python3.10/site-packages:${PYTHONPATH} /usr/bin/python3 -W ignore:setup.py install is deprecated -W ignore:easy_install command is deprecated setup.py develop --editable --build-directory /root/humble_ws/build/lab1/build --no-deps symlink_data
[7.634s] Level 1:colcon.colcon_core.shell:create_environment_hook('lab1', 'pythonpath_develop')
[7.635s] INFO:colcon.colcon_core.shell:Creating environment hook '/root/humble_ws/build/lab1/share/lab1/hook/pythonpath_develop.ps1'
[7.636s] DEBUG:colcon.colcon_core.event_handler.log_command:Invoked command in '/root/humble_ws/build/lab1' returned '0': PYTHONPATH=/root/humble_ws/build/lab1/prefix_override:/usr/lib/python3/dist-packages/colcon_core/task/python/colcon_distutils_commands:/root/humble_ws/install/lab1/lib/python3.10/site-packages:${PYTHONPATH} /usr/bin/python3 -W ignore:setup.py install is deprecated -W ignore:easy_install command is deprecated setup.py develop --editable --build-directory /root/humble_ws/build/lab1/build --no-deps symlink_data
[7.639s] INFO:colcon.colcon_core.shell:Creating environment descriptor '/root/humble_ws/build/lab1/share/lab1/hook/pythonpath_develop.dsv'
[7.641s] INFO:colcon.colcon_core.shell:Creating environment hook '/root/humble_ws/build/lab1/share/lab1/hook/pythonpath_develop.sh'
[7.663s] Level 1:colcon.colcon_core.environment:checking '/root/humble_ws/install/lab1' for CMake module files
[7.665s] Level 1:colcon.colcon_core.environment:checking '/root/humble_ws/install/lab1' for CMake config files
[7.668s] Level 1:colcon.colcon_core.environment:checking '/root/humble_ws/install/lab1/lib'
[7.669s] Level 1:colcon.colcon_core.environment:checking '/root/humble_ws/install/lab1/bin'
[7.669s] Level 1:colcon.colcon_core.environment:checking '/root/humble_ws/install/lab1/lib/pkgconfig/lab1.pc'
[7.670s] Level 1:colcon.colcon_core.environment:checking '/root/humble_ws/install/lab1/lib/python3.10/site-packages'
[7.670s] Level 1:colcon.colcon_core.shell:create_environment_hook('lab1', 'pythonpath')
[7.671s] INFO:colcon.colcon_core.shell:Creating environment hook '/root/humble_ws/install/lab1/share/lab1/hook/pythonpath.ps1'
[7.673s] INFO:colcon.colcon_core.shell:Creating environment descriptor '/root/humble_ws/install/lab1/share/lab1/hook/pythonpath.dsv'
[7.674s] INFO:colcon.colcon_core.shell:Creating environment hook '/root/humble_ws/install/lab1/share/lab1/hook/pythonpath.sh'
[7.677s] Level 1:colcon.colcon_core.environment:checking '/root/humble_ws/install/lab1/bin'
[7.677s] Level 1:colcon.colcon_core.environment:create_environment_scripts_only(lab1)
[7.679s] INFO:colcon.colcon_core.shell:Creating package script '/root/humble_ws/install/lab1/share/lab1/package.ps1'
[7.685s] INFO:colcon.colcon_core.shell:Creating package descriptor '/root/humble_ws/install/lab1/share/lab1/package.dsv'
[7.688s] INFO:colcon.colcon_core.shell:Creating package script '/root/humble_ws/install/lab1/share/lab1/package.sh'
[7.694s] INFO:colcon.colcon_core.shell:Creating package script '/root/humble_ws/install/lab1/share/lab1/package.bash'
[7.698s] INFO:colcon.colcon_core.shell:Creating package script '/root/humble_ws/install/lab1/share/lab1/package.zsh'
[7.702s] Level 1:colcon.colcon_core.environment:create_file_with_runtime_dependencies(/root/humble_ws/install/lab1/share/colcon-core/packages/lab1)
[7.703s] DEBUG:colcon.colcon_parallel_executor.executor.parallel:closing loop
[7.704s] DEBUG:colcon.colcon_parallel_executor.executor.parallel:loop closed
[7.704s] DEBUG:colcon.colcon_parallel_executor.executor.parallel:run_until_complete finished with '0'
[7.704s] DEBUG:colcon.colcon_core.event_reactor:joining thread
[7.778s] INFO:colcon.colcon_core.plugin_system:Skipping extension 'colcon_notification.desktop_notification.notify_send': Could not find 'notify-send'
[7.779s] INFO:colcon.colcon_core.plugin_system:Skipping extension 'colcon_notification.desktop_notification.terminal_notifier': Not used on non-Darwin systems
[7.779s] INFO:colcon.colcon_core.plugin_system:Skipping extension 'colcon_notification.desktop_notification.win32': Not used on non-Windows systems
[7.779s] INFO:colcon.colcon_notification.desktop_notification:Sending desktop notification using 'notify2'
[7.780s] DEBUG:colcon.colcon_notification.desktop_notification.notify2:Failed to initialize notify2: org.freedesktop.DBus.Error.NotSupported: Unable to autolaunch a dbus-daemon without a $DISPLAY for X11
[7.780s] DEBUG:colcon.colcon_core.event_reactor:joined thread
[7.781s] INFO:colcon.colcon_core.shell:Creating prefix script '/root/humble_ws/install/local_setup.ps1'
[7.786s] INFO:colcon.colcon_core.shell:Creating prefix util module '/root/humble_ws/install/_local_setup_util_ps1.py'
[7.794s] INFO:colcon.colcon_core.shell:Creating prefix chain script '/root/humble_ws/install/setup.ps1'
[7.800s] INFO:colcon.colcon_core.shell:Creating prefix script '/root/humble_ws/install/local_setup.sh'
[7.803s] INFO:colcon.colcon_core.shell:Creating prefix util module '/root/humble_ws/install/_local_setup_util_sh.py'
[7.805s] INFO:colcon.colcon_core.shell:Creating prefix chain script '/root/humble_ws/install/setup.sh'
[7.810s] INFO:colcon.colcon_core.shell:Creating prefix script '/root/humble_ws/install/local_setup.bash'
[7.812s] INFO:colcon.colcon_core.shell:Creating prefix chain script '/root/humble_ws/install/setup.bash'
[7.818s] INFO:colcon.colcon_core.shell:Creating prefix script '/root/humble_ws/install/local_setup.zsh'
[7.820s] INFO:colcon.colcon_core.shell:Creating prefix chain script '/root/humble_ws/install/setup.zsh'
